Archive member included to satisfy reference by file (symbol)

g:/program files (x86)/gnu tools arm embedded/5.2 2015q4/bin/../lib/gcc/arm-none-eabi/5.2.1/armv7e-m\libgcc.a(_arm_addsubdf3.o)
                              ..\obj\tm_stm32f4_fatfs.o (__aeabi_ui2d)
g:/program files (x86)/gnu tools arm embedded/5.2 2015q4/bin/../lib/gcc/arm-none-eabi/5.2.1/armv7e-m\libgcc.a(_arm_muldivdf3.o)
                              ..\obj\tm_stm32f4_fatfs.o (__aeabi_dmul)
g:/program files (x86)/gnu tools arm embedded/5.2 2015q4/bin/../lib/gcc/arm-none-eabi/5.2.1/armv7e-m\libgcc.a(_arm_cmpdf2.o)
                              ..\obj\tm_stm32f4_timer_properties.o (__aeabi_dcmpeq)
g:/program files (x86)/gnu tools arm embedded/5.2 2015q4/bin/../lib/gcc/arm-none-eabi/5.2.1/armv7e-m\libgcc.a(_arm_fixunsdfsi.o)
                              ..\obj\tm_stm32f4_fatfs.o (__aeabi_d2uiz)
g:/program files (x86)/gnu tools arm embedded/5.2 2015q4/bin/../lib/gcc/arm-none-eabi/5.2.1/../../../../arm-none-eabi/lib/armv7e-m\libg.a(lib_a-malloc.o)
                              ..\obj\tm_stm32f4_fatfs.o (malloc)
g:/program files (x86)/gnu tools arm embedded/5.2 2015q4/bin/../lib/gcc/arm-none-eabi/5.2.1/../../../../arm-none-eabi/lib/armv7e-m\libg.a(lib_a-mallocr.o)
                              g:/program files (x86)/gnu tools arm embedded/5.2 2015q4/bin/../lib/gcc/arm-none-eabi/5.2.1/../../../../arm-none-eabi/lib/armv7e-m\libg.a(lib_a-malloc.o) (_malloc_r)
g:/program files (x86)/gnu tools arm embedded/5.2 2015q4/bin/../lib/gcc/arm-none-eabi/5.2.1/../../../../arm-none-eabi/lib/armv7e-m\libg.a(lib_a-mlock.o)
                              g:/program files (x86)/gnu tools arm embedded/5.2 2015q4/bin/../lib/gcc/arm-none-eabi/5.2.1/../../../../arm-none-eabi/lib/armv7e-m\libg.a(lib_a-mallocr.o) (__malloc_lock)
g:/program files (x86)/gnu tools arm embedded/5.2 2015q4/bin/../lib/gcc/arm-none-eabi/5.2.1/../../../../arm-none-eabi/lib/armv7e-m\libg.a(lib_a-sbrkr.o)
                              g:/program files (x86)/gnu tools arm embedded/5.2 2015q4/bin/../lib/gcc/arm-none-eabi/5.2.1/../../../../arm-none-eabi/lib/armv7e-m\libg.a(lib_a-mallocr.o) (_sbrk_r)
g:/program files (x86)/gnu tools arm embedded/5.2 2015q4/bin/../lib/gcc/arm-none-eabi/5.2.1/../../../../arm-none-eabi/lib/armv7e-m\libg.a(lib_a-sprintf.o)
                              ..\obj\tm_stm32f4_fatfs.o (sprintf)
g:/program files (x86)/gnu tools arm embedded/5.2 2015q4/bin/../lib/gcc/arm-none-eabi/5.2.1/../../../../arm-none-eabi/lib/armv7e-m\libg.a(lib_a-strcpy.o)
                              ..\obj\tm_stm32f4_fatfs.o (strcpy)
g:/program files (x86)/gnu tools arm embedded/5.2 2015q4/bin/../lib/gcc/arm-none-eabi/5.2.1/../../../../arm-none-eabi/lib/armv7e-m\libg.a(lib_a-strlen.o)
                              ..\obj\tm_stm32f4_fatfs.o (strlen)
g:/program files (x86)/gnu tools arm embedded/5.2 2015q4/bin/../lib/gcc/arm-none-eabi/5.2.1/../../../../arm-none-eabi/lib/armv7e-m\libg.a(lib_a-svfprintf.o)
                              g:/program files (x86)/gnu tools arm embedded/5.2 2015q4/bin/../lib/gcc/arm-none-eabi/5.2.1/../../../../arm-none-eabi/lib/armv7e-m\libg.a(lib_a-sprintf.o) (_svfprintf_r)
g:/program files (x86)/gnu tools arm embedded/5.2 2015q4/bin/../lib/gcc/arm-none-eabi/5.2.1/../../../../arm-none-eabi/lib/armv7e-m\libg.a(lib_a-dtoa.o)
                              g:/program files (x86)/gnu tools arm embedded/5.2 2015q4/bin/../lib/gcc/arm-none-eabi/5.2.1/../../../../arm-none-eabi/lib/armv7e-m\libg.a(lib_a-svfprintf.o) (_dtoa_r)
g:/program files (x86)/gnu tools arm embedded/5.2 2015q4/bin/../lib/gcc/arm-none-eabi/5.2.1/../../../../arm-none-eabi/lib/armv7e-m\libg.a(lib_a-freer.o)
                              g:/program files (x86)/gnu tools arm embedded/5.2 2015q4/bin/../lib/gcc/arm-none-eabi/5.2.1/../../../../arm-none-eabi/lib/armv7e-m\libg.a(lib_a-malloc.o) (_free_r)
g:/program files (x86)/gnu tools arm embedded/5.2 2015q4/bin/../lib/gcc/arm-none-eabi/5.2.1/../../../../arm-none-eabi/lib/armv7e-m\libg.a(lib_a-impure.o)
                              g:/program files (x86)/gnu tools arm embedded/5.2 2015q4/bin/../lib/gcc/arm-none-eabi/5.2.1/../../../../arm-none-eabi/lib/armv7e-m\libg.a(lib_a-malloc.o) (_impure_ptr)
g:/program files (x86)/gnu tools arm embedded/5.2 2015q4/bin/../lib/gcc/arm-none-eabi/5.2.1/../../../../arm-none-eabi/lib/armv7e-m\libg.a(lib_a-locale.o)
                              g:/program files (x86)/gnu tools arm embedded/5.2 2015q4/bin/../lib/gcc/arm-none-eabi/5.2.1/../../../../arm-none-eabi/lib/armv7e-m\libg.a(lib_a-svfprintf.o) (_localeconv_r)
g:/program files (x86)/gnu tools arm embedded/5.2 2015q4/bin/../lib/gcc/arm-none-eabi/5.2.1/../../../../arm-none-eabi/lib/armv7e-m\libg.a(lib_a-memchr.o)
                              g:/program files (x86)/gnu tools arm embedded/5.2 2015q4/bin/../lib/gcc/arm-none-eabi/5.2.1/../../../../arm-none-eabi/lib/armv7e-m\libg.a(lib_a-svfprintf.o) (memchr)
[...]
Memory Configuration

Name             Origin             Length             Attributes
rom              0x08000000         0x00100000         xr
ram              0x20000000         0x00020000         xrw
ram1             0x10000000         0x00010000         xrw
*default*        0x00000000         0xffffffff

Linker script and memory map

                0x20020000                _eram = 0x20020000

.text           0x08000000     0x57ae
 *(.isr_vector)
 .isr_vector    0x08000000      0x188 ..\obj\startup_stm32f4xx.o
                0x08000000                g_pfnVectors
 *(.text*)
 .text.TM_FATFS_DriveSize
                0x08000188       0x5c ..\obj\tm_stm32f4_fatfs.o
                0x08000188                TM_FATFS_DriveSize
 .text.disk_initialize
                0x080001e4       0x44 ..\obj\diskio.o
                0x080001e4                disk_initialize
 .text.disk_status
                0x08000228       0x48 ..\obj\diskio.o
                0x08000228                disk_status
 .text.disk_read
                0x08000270       0x5c ..\obj\diskio.o
                0x08000270                disk_read
 .text.disk_write
                0x080002cc       0x5c ..\obj\diskio.o
                0x080002cc                disk_write
 .text.disk_ioctl
                0x08000328       0x54 ..\obj\diskio.o
                0x08000328                disk_ioctl
 .text.get_fattime
                0x0800037c       0x14 ..\obj\diskio.o
                0x0800037c                get_fattime
 .text.TM_FATFS_USB_disk_initialize
                0x08000390       0x10 ..\obj\diskio.o
                0x08000390                TM_FATFS_USB_disk_initialize
 .text.TM_FATFS_SDRAM_disk_initialize
                0x080003a0       0x10 ..\obj\diskio.o
                0x080003a0                TM_FATFS_SDRAM_disk_initialize
 .text.TM_FATFS_SPI_FLASH_disk_initialize
                0x080003b0       0x10 ..\obj\diskio.o
                0x080003b0                TM_FATFS_SPI_FLASH_disk_initialize
 .text.TM_FATFS_USB_disk_status
                0x080003c0       0x10 ..\obj\diskio.o
                0x080003c0                TM_FATFS_USB_disk_status
 .text.TM_FATFS_SDRAM_disk_status
                0x080003d0       0x10 ..\obj\diskio.o
                0x080003d0                TM_FATFS_SDRAM_disk_status
 .text.TM_FATFS_SPI_FLASH_disk_status
                0x080003e0       0x10 ..\obj\diskio.o
                0x080003e0                TM_FATFS_SPI_FLASH_disk_status
 .text.TM_FATFS_USB_disk_ioctl
                0x080003f0       0x18 ..\obj\diskio.o
                0x080003f0                TM_FATFS_USB_disk_ioctl
 .text.TM_FATFS_SDRAM_disk_ioctl
                0x08000408       0x18 ..\obj\diskio.o
                0x08000408                TM_FATFS_SDRAM_disk_ioctl
 .text.TM_FATFS_SPI_FLASH_disk_ioctl
                0x08000420       0x18 ..\obj\diskio.o
                0x08000420                TM_FATFS_SPI_FLASH_disk_ioctl
 .text.TM_FATFS_USB_disk_read
                0x08000438       0x18 ..\obj\diskio.o
                0x08000438                TM_FATFS_USB_disk_read
 .text.TM_FATFS_SDRAM_disk_read
                0x08000450       0x18 ..\obj\diskio.o
                0x08000450                TM_FATFS_SDRAM_disk_read
 .text.TM_FATFS_SPI_FLASH_disk_read
                0x08000468       0x18 ..\obj\diskio.o
                0x08000468                TM_FATFS_SPI_FLASH_disk_read
 .text.TM_FATFS_USB_disk_write
                0x08000480       0x18 ..\obj\diskio.o
                0x08000480                TM_FATFS_USB_disk_write
 .text.TM_FATFS_SDRAM_disk_write
                0x08000498       0x18 ..\obj\diskio.o
                0x08000498                TM_FATFS_SDRAM_disk_write
 .text.TM_FATFS_SPI_FLASH_disk_write
                0x080004b0       0x18 ..\obj\diskio.o
                0x080004b0                TM_FATFS_SPI_FLASH_disk_write
 .text.Default_Reset_Handler
                0x080004c8       0x5c ..\obj\startup_stm32f4xx.o
                0x080004c8                Default_Reset_Handler
                0x080004c8                Reset_Handler
 .text.Default_Handler
                0x08000524        0x8 ..\obj\startup_stm32f4xx.o
                0x08000524                RTC_Alarm_IRQHandler
                0x08000524                HASH_RNG_IRQHandler
                0x08000524                EXTI2_IRQHandler
                0x08000524                TIM8_CC_IRQHandler
                0x08000524                DebugMon_Handler
                0x08000524                TIM1_CC_IRQHandler
                0x08000524                HardFault_Handler
                0x08000524                SysTick_Handler
                0x08000524                PVD_IRQHandler
                0x08000524                SDIO_IRQHandler
                0x08000524                TAMP_STAMP_IRQHandler
                0x08000524                PendSV_Handler
                0x08000524                NMI_Handler
                0x08000524                CAN2_RX1_IRQHandler
                0x08000524                EXTI3_IRQHandler
                0x08000524                TIM8_TRG_COM_TIM14_IRQHandler
                0x08000524                TIM1_UP_TIM10_IRQHandler
                0x08000524                TIM8_UP_TIM13_IRQHandler
                0x08000524                I2C3_ER_IRQHandler
                0x08000524                EXTI0_IRQHandler
                0x08000524                I2C2_EV_IRQHandler
                0x08000524                CAN1_RX0_IRQHandler
                0x08000524                FPU_IRQHandler
                0x08000524                OTG_HS_WKUP_IRQHandler
                0x08000524                UsageFault_Handler
                0x08000524                CAN2_SCE_IRQHandler
                0x08000524                SPI1_IRQHandler
                0x08000524                TIM6_DAC_IRQHandler
                0x08000524                TIM1_BRK_TIM9_IRQHandler
                0x08000524                DCMI_IRQHandler
                0x08000524                CAN2_RX0_IRQHandler
                0x08000524                USART6_IRQHandler
                0x08000524                USART3_IRQHandler
                0x08000524                CRYP_IRQHandler
                0x08000524                CAN1_RX1_IRQHandler
                0x08000524                UART5_IRQHandler
                0x08000524                I2C1_EV_IRQHandler
                0x08000524                UART4_IRQHandler
                0x08000524                TIM3_IRQHandler
                0x08000524                RCC_IRQHandler
                0x08000524                TIM8_BRK_TIM12_IRQHandler
                0x08000524                EXTI15_10_IRQHandler
                0x08000524                ADC_IRQHandler
                0x08000524                TIM7_IRQHandler
                0x08000524                CAN2_TX_IRQHandler
                0x08000524                TIM5_IRQHandler
                0x08000524                I2C3_EV_IRQHandler
                0x08000524                EXTI9_5_IRQHandler
                0x08000524                RTC_WKUP_IRQHandler
                0x08000524                ETH_WKUP_IRQHandler
                0x08000524                SPI2_IRQHandler
                0x08000524                OTG_HS_EP1_IN_IRQHandler
                0x08000524                MemManage_Handler
                0x08000524                CAN1_TX_IRQHandler
                0x08000524                SVC_Handler
                0x08000524                EXTI4_IRQHandler
                0x08000524                FSMC_IRQHandler
                0x08000524                ETH_IRQHandler
                0x08000524                OTG_HS_EP1_OUT_IRQHandler
                0x08000524                WWDG_IRQHandler
                0x08000524                TIM2_IRQHandler
                0x08000524                OTG_FS_WKUP_IRQHandler
                0x08000524                TIM1_TRG_COM_TIM11_IRQHandler
                0x08000524                OTG_HS_IRQHandler
                0x08000524                EXTI1_IRQHandler
                0x08000524                USART2_IRQHandler
                0x08000524                I2C2_ER_IRQHandler
                0x08000524                CAN1_SCE_IRQHandler
                0x08000524                FLASH_IRQHandler
                0x08000524                BusFault_Handler
                0x08000524                USART1_IRQHandler
                0x08000524                OTG_FS_IRQHandler
                0x08000524                SPI3_IRQHandler
                0x08000524                I2C1_ER_IRQHandler
 .text.LED_GPIO_conf
                0x0800052c       0x3c ..\obj\main.o
                0x0800052c                LED_GPIO_conf
 .text.main     0x08000568       0xa4 ..\obj\main.o
                0x08000568                main
 .text.RCC_GetClocksFreq
                0x0800060c      0x154 ..\obj\stm32f4xx_rcc.o
                0x0800060c                RCC_GetClocksFreq
 .text.RCC_AHB1PeriphClockCmd
                0x08000760       0x74 ..\obj\stm32f4xx_rcc.o
                0x08000760                RCC_AHB1PeriphClockCmd
 .text.RCC_APB1PeriphClockCmd
                0x080007d4       0x74 ..\obj\stm32f4xx_rcc.o
                0x080007d4                RCC_APB1PeriphClockCmd
 .text.RCC_APB2PeriphClockCmd
                0x08000848       0x74 ..\obj\stm32f4xx_rcc.o
                0x08000848                RCC_APB2PeriphClockCmd
 .text.TM_DMA_ClearFlag
                0x080008bc       0x88 ..\obj\tm_stm32f4_dma.o
                0x080008bc                TM_DMA_ClearFlag
 .text.TM_DMA_GetFlags
                0x08000944       0xa0 ..\obj\tm_stm32f4_dma.o
                0x08000944                TM_DMA_GetFlags
 .text.TM_DMA_TransferCompleteHandler
                0x080009e4       0x14 ..\obj\tm_stm32f4_dma.o
                0x080009e4                TM_DMA_TransferCompleteHandler
 .text.TM_DMA_HalfTransferCompleteHandler
                0x080009f8       0x14 ..\obj\tm_stm32f4_dma.o
                0x080009f8                TM_DMA_HalfTransferCompleteHandler
 .text.TM_DMA_TransferErrorHandler
                0x08000a0c       0x14 ..\obj\tm_stm32f4_dma.o
                0x08000a0c                TM_DMA_TransferErrorHandler
 .text.TM_DMA_DirectModeErrorHandler
                0x08000a20       0x14 ..\obj\tm_stm32f4_dma.o
                0x08000a20                TM_DMA_DirectModeErrorHandler
 .text.TM_DMA_FIFOErrorHandler
                0x08000a34       0x14 ..\obj\tm_stm32f4_dma.o
                0x08000a34                TM_DMA_FIFOErrorHandler
 .text.TM_DMA_INT_ProcessInterrupt
                0x08000a48       0xb0 ..\obj\tm_stm32f4_dma.o
 .text.DMA1_Stream0_IRQHandler
                0x08000af8       0x14 ..\obj\tm_stm32f4_dma.o
                0x08000af8                DMA1_Stream0_IRQHandler
 .text.DMA1_Stream1_IRQHandler
                0x08000b0c       0x14 ..\obj\tm_stm32f4_dma.o
                0x08000b0c                DMA1_Stream1_IRQHandler
 .text.DMA1_Stream2_IRQHandler
                0x08000b20       0x14 ..\obj\tm_stm32f4_dma.o
                0x08000b20                DMA1_Stream2_IRQHandler
 .text.DMA1_Stream3_IRQHandler
                0x08000b34       0x14 ..\obj\tm_stm32f4_dma.o
                0x08000b34                DMA1_Stream3_IRQHandler
 .text.DMA1_Stream4_IRQHandler
                0x08000b48       0x14 ..\obj\tm_stm32f4_dma.o
                0x08000b48                DMA1_Stream4_IRQHandler
 .text.DMA1_Stream5_IRQHandler
                0x08000b5c       0x14 ..\obj\tm_stm32f4_dma.o
                0x08000b5c                DMA1_Stream5_IRQHandler
 .text.DMA1_Stream6_IRQHandler
                0x08000b70       0x14 ..\obj\tm_stm32f4_dma.o
                0x08000b70                DMA1_Stream6_IRQHandler
 .text.DMA1_Stream7_IRQHandler
                0x08000b84       0x14 ..\obj\tm_stm32f4_dma.o
                0x08000b84                DMA1_Stream7_IRQHandler
 .text.DMA2_Stream0_IRQHandler
                0x08000b98       0x14 ..\obj\tm_stm32f4_dma.o
                0x08000b98                DMA2_Stream0_IRQHandler
 .text.DMA2_Stream1_IRQHandler
                0x08000bac       0x14 ..\obj\tm_stm32f4_dma.o
                0x08000bac                DMA2_Stream1_IRQHandler
 .text.DMA2_Stream2_IRQHandler
                0x08000bc0       0x14 ..\obj\tm_stm32f4_dma.o
                0x08000bc0                DMA2_Stream2_IRQHandler
 .text.DMA2_Stream3_IRQHandler
                0x08000bd4       0x14 ..\obj\tm_stm32f4_dma.o
                0x08000bd4                DMA2_Stream3_IRQHandler
 .text.DMA2_Stream4_IRQHandler
                0x08000be8       0x14 ..\obj\tm_stm32f4_dma.o
                0x08000be8                DMA2_Stream4_IRQHandler
 .text.DMA2_Stream5_IRQHandler
                0x08000bfc       0x14 ..\obj\tm_stm32f4_dma.o
                0x08000bfc                DMA2_Stream5_IRQHandler
 .text.DMA2_Stream6_IRQHandler
                0x08000c10       0x14 ..\obj\tm_stm32f4_dma.o
                0x08000c10                DMA2_Stream6_IRQHandler
 .text.DMA2_Stream7_IRQHandler
                0x08000c24       0x14 ..\obj\tm_stm32f4_dma.o
                0x08000c24                DMA2_Stream7_IRQHandler
 .text.TM_SPI_Send
                0x08000c38       0x74 ..\obj\fatfs_sd.o
 .text.Delayms  0x08000cac       0x58 ..\obj\fatfs_sd.o
 .text.init_spi
                0x08000d04       0x2c ..\obj\fatfs_sd.o
 .text.rcvr_spi_multi
                0x08000d30       0x24 ..\obj\fatfs_sd.o
 .text.xmit_spi_multi
                0x08000d54       0x20 ..\obj\fatfs_sd.o
 .text.wait_ready
                0x08000d74       0x44 ..\obj\fatfs_sd.o
 .text.deselect
                0x08000db8       0x20 ..\obj\fatfs_sd.o
 .text.select1  0x08000dd8       0x38 ..\obj\fatfs_sd.o
 .text.rcvr_datablock
                0x08000e10       0x60 ..\obj\fatfs_sd.o
 .text.xmit_datablock
                0x08000e70       0x70 ..\obj\fatfs_sd.o
 .text.send_cmd
                0x08000ee0       0xf4 ..\obj\fatfs_sd.o
 .text.TM_FATFS_InitPins
                0x08000fd4       0x28 ..\obj\fatfs_sd.o
                0x08000fd4                TM_FATFS_InitPins
 .text.TM_FATFS_Detect
                0x08000ffc       0x10 ..\obj\fatfs_sd.o
                0x08000ffc                TM_FATFS_Detect
 .text.TM_FATFS_WriteEnabled
                0x0800100c       0x10 ..\obj\fatfs_sd.o
                0x0800100c                TM_FATFS_WriteEnabled
 .text.TM_FATFS_SD_disk_initialize
                0x0800101c      0x1d0 ..\obj\fatfs_sd.o
                0x0800101c                TM_FATFS_SD_disk_initialize
 .text.TM_FATFS_SD_disk_status
                0x080011ec       0x4c ..\obj\fatfs_sd.o
                0x080011ec                TM_FATFS_SD_disk_status
 .text.TM_FATFS_SD_disk_read
                0x08001238       0xc4 ..\obj\fatfs_sd.o
                0x08001238                TM_FATFS_SD_disk_read
 .text.TM_FATFS_SD_disk_write
                0x080012fc      0x100 ..\obj\fatfs_sd.o
                0x080012fc                TM_FATFS_SD_disk_write
 .text.TM_FATFS_SD_disk_ioctl
                0x080013fc      0x2e4 ..\obj\fatfs_sd.o
                0x080013fc                TM_FATFS_SD_disk_ioctl
 .text.TIM4_IRQHandler
                0x080016e0       0xfc ..\obj\tm_stm32f4_delay.o
                0x080016e0                TIM4_IRQHandler
 .text.TM_DELAY_Init
                0x080017dc       0x18 ..\obj\tm_stm32f4_delay.o
                0x080017dc                TM_DELAY_Init
 *fill*         0x080017f4        0x4 
 .text.TM_DELAY_INT_InitTIM
                0x080017f8       0xbc ..\obj\tm_stm32f4_delay.o
                0x080017f8                TM_DELAY_INT_InitTIM
 .text.TM_SPI_Init
                0x080018b4       0x7c ..\obj\tm_stm32f4_spi.o
                0x080018b4                TM_SPI_Init
 .text.TM_SPI_WriteMulti
                0x08001930       0x88 ..\obj\tm_stm32f4_spi.o
                0x08001930                TM_SPI_WriteMulti
 .text.TM_SPI_ReadMulti
                0x080019b8       0x94 ..\obj\tm_stm32f4_spi.o
                0x080019b8                TM_SPI_ReadMulti
 .text.TM_SPI_InitCustomPinsCallback
                0x08001a4c       0x18 ..\obj\tm_stm32f4_spi.o
                0x08001a4c                TM_SPI_InitCustomPinsCallback
 .text.TM_SPIx_Init
                0x08001a64      0x11c ..\obj\tm_stm32f4_spi.o
 .text.TM_SPI1_INT_InitPins
                0x08001b80       0x60 ..\obj\tm_stm32f4_spi.o
                0x08001b80                TM_SPI1_INT_InitPins
 .text.TM_SPI2_INT_InitPins
                0x08001be0       0x98 ..\obj\tm_stm32f4_spi.o
                0x08001be0                TM_SPI2_INT_InitPins
 .text.TM_SPI3_INT_InitPins
                0x08001c78       0x64 ..\obj\tm_stm32f4_spi.o
                0x08001c78                TM_SPI3_INT_InitPins
 .text.GPIO_Init
                0x08001cdc      0x240 ..\obj\stm32f4xx_gpio.o
                0x08001cdc                GPIO_Init
 .text.GPIO_SetBits
                0x08001f1c       0xa4 ..\obj\stm32f4xx_gpio.o
                0x08001f1c                GPIO_SetBits
 .text.SystemInit
                0x08001fc0       0x5c ..\obj\system_stm32f4xx.o
                0x08001fc0                SystemInit
 .text.SetSysClock
                0x0800201c       0xf4 ..\obj\system_stm32f4xx.o
 .text.mem_cpy  0x08002110       0x3c ..\obj\ff.o
 .text.mem_set  0x0800214c       0x34 ..\obj\ff.o
 .text.mem_cmp  0x08002180       0x4c ..\obj\ff.o
 .text.chk_chr  0x080021cc       0x34 ..\obj\ff.o
 .text.sync_window
                0x08002200       0x88 ..\obj\ff.o
 .text.move_window
                0x08002288       0x5c ..\obj\ff.o
 .text.sync_fs  0x080022e4      0x13c ..\obj\ff.o
 .text.clust2sect
                0x08002420       0x3c ..\obj\ff.o
                0x08002420                clust2sect
 .text.get_fat  0x0800245c      0x174 ..\obj\ff.o
                0x0800245c                get_fat
 .text.put_fat  0x080025d0      0x210 ..\obj\ff.o
                0x080025d0                put_fat
 .text.remove_chain
                0x080027e0       0xa8 ..\obj\ff.o
 .text.create_chain
                0x08002888      0x128 ..\obj\ff.o
 .text.dir_sdi  0x080029b0      0x100 ..\obj\ff.o
 .text.dir_next
                0x08002ab0      0x1a8 ..\obj\ff.o
 .text.dir_alloc
                0x08002c58       0x8c ..\obj\ff.o
 .text.ld_clust
                0x08002ce4       0x58 ..\obj\ff.o
 .text.st_clust
                0x08002d3c       0x44 ..\obj\ff.o
 .text.dir_find
                0x08002d80       0x98 ..\obj\ff.o
 .text.dir_register
                0x08002e18       0x64 ..\obj\ff.o
 .text.create_name
                0x08002e7c      0x1e0 ..\obj\ff.o
 .text.follow_path
                0x0800305c      0x108 ..\obj\ff.o
 .text.get_ldnumber
                0x08003164      0x10c ..\obj\ff.o
 .text.check_fs
                0x08003270       0xd4 ..\obj\ff.o
 .text.find_volume
                0x08003344      0x56c ..\obj\ff.o
 .text.validate
                0x080038b0       0x5c ..\obj\ff.o
 .text.f_mount  0x0800390c       0x88 ..\obj\ff.o
                0x0800390c                f_mount
 .text.f_open   0x08003994      0x27c ..\obj\ff.o
                0x08003994                f_open
 .text.f_write  0x08003c10      0x2d8 ..\obj\ff.o
                0x08003c10                f_write
 .text.f_sync   0x08003ee8      0x148 ..\obj\ff.o
                0x08003ee8                f_sync
 .text.f_close  0x08004030       0x38 ..\obj\ff.o
                0x08004030                f_close
 .text.f_getfree
                0x08004068      0x188 ..\obj\ff.o
                0x08004068                f_getfree
 .text.putc_bfd
                0x080041f0       0x7c ..\obj\ff.o
 .text.f_puts   0x0800426c       0x74 ..\obj\ff.o
                0x0800426c                f_puts
 .text.SPI_Init
                0x080042e0      0x1f4 ..\obj\stm32f4xx_spi.o
                0x080042e0                SPI_Init
 .text.SPI_StructInit
                0x080044d4       0x48 ..\obj\stm32f4xx_spi.o
                0x080044d4                SPI_StructInit
 .text.NVIC_Init
                0x0800451c      0x104 ..\obj\misc.o
                0x0800451c                NVIC_Init
 .text.TM_GPIO_Init
                0x08004620       0x48 ..\obj\tm_stm32f4_gpio.o
                0x08004620                TM_GPIO_Init
 .text.TM_GPIO_InitAlternate
                0x08004668       0xa8 ..\obj\tm_stm32f4_gpio.o
                0x08004668                TM_GPIO_InitAlternate
 .text.TM_GPIO_GetPortSource
                0x08004710       0x20 ..\obj\tm_stm32f4_gpio.o
                0x08004710                TM_GPIO_GetPortSource
 .text.TM_GPIO_INT_EnableClock
                0x08004730       0x30 ..\obj\tm_stm32f4_gpio.o
                0x08004730                TM_GPIO_INT_EnableClock
 .text.TM_GPIO_INT_Init
                0x08004760      0x110 ..\obj\tm_stm32f4_gpio.o
                0x08004760                TM_GPIO_INT_Init
 .text.TM_TIMER_PROPERTIES_GetTimerProperties
                0x08004870      0x100 ..\obj\tm_stm32f4_timer_properties.o
                0x08004870                TM_TIMER_PROPERTIES_GetTimerProperties
 .text.TM_TIMER_PROPERTIES_GenerateDataForWorkingFrequency
                0x08004970      0x118 ..\obj\tm_stm32f4_timer_properties.o
                0x08004970                TM_TIMER_PROPERTIES_GenerateDataForWorkingFrequency
 .text.TM_TIMER_PROPERTIES_EnableClock
                0x08004a88      0x148 ..\obj\tm_stm32f4_timer_properties.o
                0x08004a88                TM_TIMER_PROPERTIES_EnableClock
 .text.TIM_TimeBaseInit
                0x08004bd0      0x1c4 ..\obj\stm32f4xx_tim.o
                0x08004bd0                TIM_TimeBaseInit
 .text          0x08004d94      0x370 g:/program files (x86)/gnu tools arm embedded/5.2 2015q4/bin/../lib/gcc/arm-none-eabi/5.2.1/armv7e-m\libgcc.a(_arm_addsubdf3.o)
                0x08004d94                __aeabi_drsub
                0x08004d9c                __aeabi_dsub
                0x08004d9c                __subdf3
                0x08004da0                __aeabi_dadd
                0x08004da0                __adddf3
                0x08005018                __floatunsidf
                0x08005018                __aeabi_ui2d
                0x08005038                __floatsidf
                0x08005038                __aeabi_i2d
                0x0800505c                __aeabi_f2d
                0x0800505c                __extendsfdf2
                0x08005098                __floatundidf
                0x08005098                __aeabi_ul2d
                0x080050a8                __floatdidf
                0x080050a8                __aeabi_l2d
 .text          0x08005104      0x424 g:/program files (x86)/gnu tools arm embedded/5.2 2015q4/bin/../lib/gcc/arm-none-eabi/5.2.1/armv7e-m\libgcc.a(_arm_muldivdf3.o)
                0x08005104                __aeabi_dmul
                0x08005104                __muldf3
                0x08005358                __divdf3
                0x08005358                __aeabi_ddiv
 .text          0x08005528      0x110 g:/program files (x86)/gnu tools arm embedded/5.2 2015q4/bin/../lib/gcc/arm-none-eabi/5.2.1/armv7e-m\libgcc.a(_arm_cmpdf2.o)
                0x08005528                __gtdf2
                0x08005528                __gedf2
                0x08005530                __ltdf2
                0x08005530                __ledf2
                0x08005538                __nedf2
                0x08005538                __eqdf2
                0x08005538                __cmpdf2
                0x080055b4                __aeabi_cdrcmple
                0x080055c4                __aeabi_cdcmpeq
                0x080055c4                __aeabi_cdcmple
                0x080055d4                __aeabi_dcmpeq
                0x080055e8                __aeabi_dcmplt
                0x080055fc                __aeabi_dcmple
                0x08005610                __aeabi_dcmpge
                0x08005624                __aeabi_dcmpgt
 .text          0x08005638       0x40 g:/program files (x86)/gnu tools arm embedded/5.2 2015q4/bin/../lib/gcc/arm-none-eabi/5.2.1/armv7e-m\libgcc.a(_arm_fixunsdfsi.o)
                0x08005638                __aeabi_d2uiz
                0x08005638                __fixunsdfsi
 *(.init)
 *(.fini)
 *crtbegin.o(.ctors)
 *crtbegin?.o(.ctors)
 *(EXCLUDE_FILE(*crtend.o *crtend?.o) .ctors)
 *(SORT(.ctors.*))
 *(.ctors)
 *crtbegin.o(.dtors)
 *crtbegin?.o(.dtors)
 *(EXCLUDE_FILE(*crtend.o *crtend?.o) .dtors)
 *(SORT(.dtors.*))
 *(.dtors)
 *(.rodata*)
 .rodata        0x08005678        0xc ..\obj\tm_stm32f4_fatfs.o
 .rodata        0x08005684       0x29 ..\obj\main.o
 *fill*         0x080056ad        0x3 
 .rodata        0x080056b0       0x14 ..\obj\tm_stm32f4_dma.o
 .rodata        0x080056c4       0xea ..\obj\ff.o
 *(.eh_fram e*)

.glue_7         0x080057b0        0x0
 .glue_7        0x080057b0        0x0 linker stubs

.glue_7t        0x080057b0        0x0
 .glue_7t       0x080057b0        0x0 linker stubs

.vfp11_veneer   0x080057b0        0x0
 .vfp11_veneer  0x080057b0        0x0 linker stubs

.v4_bx          0x080057b0        0x0
 .v4_bx         0x080057b0        0x0 linker stubs

.iplt           0x080057b0        0x0
 .iplt          0x080057b0        0x0 ..\obj\tm_stm32f4_fatfs.o

.rel.dyn        0x080057b0        0x0
 .rel.iplt      0x080057b0        0x0 ..\obj\tm_stm32f4_fatfs.o

.ARM.extab
 *(.ARM.extab* .gnu.linkonce.armextab.*)
                0x080057b0                __exidx_start = .

.ARM.exidx
 *(.ARM.exidx* .gnu.linkonce.armexidx.*)
                0x080057b0                __exidx_end = .
                0x080057b0                __etext = .
                0x080057ae                _sidata = __etext

.data           0x20000000       0xc8 load address 0x080057ae
                0x20000000                __data_start__ = .
                0x20000000                _sdata = __data_start__
 *(vtable)
 *(.data*)
 .data          0x20000000       0xb4 ..\obj\diskio.o
                0x20000000                FATFS_LowLevelDrivers
 .data          0x200000b4       0x10 ..\obj\stm32f4xx_rcc.o
 .data          0x200000c4        0x1 ..\obj\fatfs_sd.o
                0x200000c8                . = ALIGN (0x4)
 *fill*         0x200000c5        0x3 
                [!provide]                PROVIDE (__preinit_array_start, .)
 *(.preinit_array)
                [!provide]                PROVIDE (__preinit_array_end, .)
                0x200000c8                . = ALIGN (0x4)
                [!provide]                PROVIDE (__init_array_start, .)
 *(SORT(.init_array.*))
 *(.init_array)
                [!provide]                PROVIDE (__init_array_end, .)
                0x200000c8                . = ALIGN (0x4)
                [!provide]                PROVIDE (__fini_array_start, .)
 *(SORT(.fini_array.*))
 *(.fini_array)
                [!provide]                PROVIDE (__fini_array_end, .)
 *(.jcr*)
                0x200000c8                . = ALIGN (0x4)
                0x200000c8                __data_end__ = .
                0x200000c8                _edata = __data_end__

.igot.plt       0x200000c8        0x0 load address 0x08005878
 .igot.plt      0x200000c8        0x0 ..\obj\tm_stm32f4_fatfs.o

.bss            0x200000c8       0x6c load address 0x08005878
                0x200000c8                . = ALIGN (0x4)
                0x200000c8                __bss_start__ = .
                0x200000c8                _sbss = __bss_start__
 *(.bss*)
 .bss           0x200000c8        0x1 ..\obj\fatfs_sd.o
 *fill*         0x200000c9        0x3 
 .bss           0x200000cc       0x28 ..\obj\tm_stm32f4_delay.o
                0x200000cc                TM_TimingDelay
                0x200000d0                TM_Time
                0x200000d4                TM_Time2
                0x200000d8                TM_DELAY_Initialized
 .bss           0x200000f4       0x27 ..\obj\ff.o
 *fill*         0x2000011b        0x1 
 .bss           0x2000011c       0x16 ..\obj\tm_stm32f4_gpio.o
 *(COMMON)
                0x20000134                . = ALIGN (0x4)
 *fill*         0x20000132        0x2 
                0x20000134                __bss_end__ = .
                0x20000134                _ebss = __bss_end__

.heap           0x20000134        0x0
                0x20000134                __end__ = .
                0x20000134                _end = __end__
                0x20000134                end = __end__
 *(.heap*)
                0x20000134                __HeapLimit = .

.co_stack       0x20000134      0x804 load address 0x080058e4
                0x20000138                . = ALIGN (0x8)
 *fill*         0x20000134        0x4 
 *(.co_stack .co_stack.*)
 .co_stack      0x20000138      0x800 ..\obj\startup_stm32f4xx.o
                0x20000138                pulStack
                0x20020000                __StackTop = (ORIGIN (ram) + LENGTH (ram))
                0x2001f7fc                __StackLimit = (__StackTop - SIZEOF (.co_stack))
                [!provide]                PROVIDE (__stack, __StackTop)
                0x00000001                ASSERT ((__StackLimit >= __HeapLimit), region ram  overflowed with stack)
LOAD ..\obj\tm_stm32f4_fatfs.o
LOAD ..\obj\unicode.o
LOAD ..\obj\stm32f4xx_syscfg.o
LOAD ..\obj\tm_stm32f4_spi_dma.o
LOAD ..\obj\stm32f4xx_dac.o
LOAD ..\obj\diskio.o
LOAD ..\obj\startup_stm32f4xx.o
LOAD ..\obj\main.o
LOAD ..\obj\stm32f4xx_rcc.o
LOAD ..\obj\stm32f4xx_adc.o
LOAD ..\obj\tm_stm32f4_dma.o
LOAD ..\obj\fatfs_sd.o
LOAD ..\obj\tm_stm32f4_delay.o
LOAD ..\obj\syscall.o
LOAD ..\obj\tm_stm32f4_spi.o
LOAD ..\obj\stm32f4xx_gpio.o
LOAD ..\obj\system_stm32f4xx.o
LOAD ..\obj\stm32f4xx_dma.o
LOAD ..\obj\ff.o
LOAD ..\obj\stm32f4xx_spi.o
LOAD ..\obj\stm32f4xx_exti.o
LOAD ..\obj\misc.o
LOAD ..\obj\tm_stm32f4_gpio.o
LOAD ..\obj\stm32f4_discovery_lis302dl.o
LOAD ..\obj\tm_stm32f4_timer_properties.o
LOAD ..\obj\tm_stm32f4_fonts.o
LOAD ..\obj\stm32f4xx_tim.o
START GROUP
LOAD g:/program files (x86)/gnu tools arm embedded/5.2 2015q4/bin/../lib/gcc/arm-none-eabi/5.2.1/armv7e-m\libgcc.a
LOAD g:/program files (x86)/gnu tools arm embedded/5.2 2015q4/bin/../lib/gcc/arm-none-eabi/5.2.1/../../../../arm-none-eabi/lib/armv7e-m\libg.a
LOAD g:/program files (x86)/gnu tools arm embedded/5.2 2015q4/bin/../lib/gcc/arm-none-eabi/5.2.1/../../../../arm-none-eabi/lib/armv7e-m\libc.a
END GROUP
OUTPUT(kartav2.elf elf32-littlearm)

.debug_info     0x00000000     0xb8a9
 .debug_info    0x00000000      0x82a ..\obj\tm_stm32f4_fatfs.o
 .debug_info    0x0000082a      0x89f ..\obj\diskio.o
 .debug_info    0x000010c9       0xed ..\obj\startup_stm32f4xx.o
 .debug_info    0x000011b6      0x5b4 ..\obj\main.o
 .debug_info    0x0000176a      0xe54 ..\obj\stm32f4xx_rcc.o
 .debug_info    0x000025be      0x925 ..\obj\tm_stm32f4_dma.o
 .debug_info    0x00002ee3      0x8a7 ..\obj\fatfs_sd.o
 .debug_info    0x0000378a      0x9e3 ..\obj\tm_stm32f4_delay.o
 .debug_info    0x0000416d      0xa95 ..\obj\tm_stm32f4_spi.o
 .debug_info    0x00004c02      0x6c3 ..\obj\stm32f4xx_gpio.o
 .debug_info    0x000052c5      0x596 ..\obj\system_stm32f4xx.o
 .debug_info    0x0000585b     0x2137 ..\obj\ff.o
 .debug_info    0x00007992      0xc3a ..\obj\stm32f4xx_spi.o
 .debug_info    0x000085cc      0x582 ..\obj\misc.o
 .debug_info    0x00008b4e      0x82d ..\obj\tm_stm32f4_gpio.o
 .debug_info    0x0000937b      0x481 ..\obj\tm_stm32f4_timer_properties.o
 .debug_info    0x000097fc     0x20ad ..\obj\stm32f4xx_tim.o

.debug_abbrev   0x00000000     0x1c44
 .debug_abbrev  0x00000000      0x18e ..\obj\tm_stm32f4_fatfs.o
 .debug_abbrev  0x0000018e      0x1ab ..\obj\diskio.o
 .debug_abbrev  0x00000339       0xb0 ..\obj\startup_stm32f4xx.o
 .debug_abbrev  0x000003e9      0x19b ..\obj\main.o
 .debug_abbrev  0x00000584      0x1f9 ..\obj\stm32f4xx_rcc.o
 .debug_abbrev  0x0000077d      0x206 ..\obj\tm_stm32f4_dma.o
 .debug_abbrev  0x00000983      0x28c ..\obj\fatfs_sd.o
 .debug_abbrev  0x00000c0f      0x260 ..\obj\tm_stm32f4_delay.o
 .debug_abbrev  0x00000e6f      0x1e6 ..\obj\tm_stm32f4_spi.o
 .debug_abbrev  0x00001055      0x1bd ..\obj\stm32f4xx_gpio.o
 .debug_abbrev  0x00001212      0x138 ..\obj\system_stm32f4xx.o
 .debug_abbrev  0x0000134a      0x209 ..\obj\ff.o
 .debug_abbrev  0x00001553      0x199 ..\obj\stm32f4xx_spi.o
 .debug_abbrev  0x000016ec      0x15d ..\obj\misc.o
 .debug_abbrev  0x00001849      0x151 ..\obj\tm_stm32f4_gpio.o
 .debug_abbrev  0x0000199a      0x10b ..\obj\tm_stm32f4_timer_properties.o
 .debug_abbrev  0x00001aa5      0x19f ..\obj\stm32f4xx_tim.o

.debug_aranges  0x00000000      0xd90
 .debug_aranges
                0x00000000       0x58 ..\obj\tm_stm32f4_fatfs.o
 .debug_aranges
                0x00000058      0x118 ..\obj\diskio.o
 .debug_aranges
                0x00000170       0x28 ..\obj\startup_stm32f4xx.o
 .debug_aranges
                0x00000198       0x28 ..\obj\main.o
 .debug_aranges
                0x000001c0      0x178 ..\obj\stm32f4xx_rcc.o
 .debug_aranges
                0x00000338       0xf8 ..\obj\tm_stm32f4_dma.o
 .debug_aranges
                0x00000430       0xb0 ..\obj\fatfs_sd.o
 .debug_aranges
                0x000004e0       0x78 ..\obj\tm_stm32f4_delay.o
 .debug_aranges
                0x00000558       0x98 ..\obj\tm_stm32f4_spi.o
 .debug_aranges
                0x000005f0       0x88 ..\obj\stm32f4xx_gpio.o
 .debug_aranges
                0x00000678       0x30 ..\obj\system_stm32f4xx.o
 .debug_aranges
                0x000006a8      0x200 ..\obj\ff.o
 .debug_aranges
                0x000008a8       0xe0 ..\obj\stm32f4xx_spi.o
 .debug_aranges
                0x00000988       0x40 ..\obj\misc.o
 .debug_aranges
                0x000009c8       0x98 ..\obj\tm_stm32f4_gpio.o
 .debug_aranges
                0x00000a60       0x38 ..\obj\tm_stm32f4_timer_properties.o
 .debug_aranges
                0x00000a98      0x2f8 ..\obj\stm32f4xx_tim.o

.debug_ranges   0x00000000      0xc80
 .debug_ranges  0x00000000       0x48 ..\obj\tm_stm32f4_fatfs.o
 .debug_ranges  0x00000048      0x108 ..\obj\diskio.o
 .debug_ranges  0x00000150       0x18 ..\obj\startup_stm32f4xx.o
 .debug_ranges  0x00000168       0x18 ..\obj\main.o
 .debug_ranges  0x00000180      0x168 ..\obj\stm32f4xx_rcc.o
 .debug_ranges  0x000002e8       0xe8 ..\obj\tm_stm32f4_dma.o
 .debug_ranges  0x000003d0       0xa0 ..\obj\fatfs_sd.o
 .debug_ranges  0x00000470       0x68 ..\obj\tm_stm32f4_delay.o
 .debug_ranges  0x000004d8       0x88 ..\obj\tm_stm32f4_spi.o
 .debug_ranges  0x00000560       0x78 ..\obj\stm32f4xx_gpio.o
 .debug_ranges  0x000005d8       0x20 ..\obj\system_stm32f4xx.o
 .debug_ranges  0x000005f8      0x1f0 ..\obj\ff.o
 .debug_ranges  0x000007e8       0xd0 ..\obj\stm32f4xx_spi.o
 .debug_ranges  0x000008b8       0x30 ..\obj\misc.o
 .debug_ranges  0x000008e8       0x88 ..\obj\tm_stm32f4_gpio.o
 .debug_ranges  0x00000970       0x28 ..\obj\tm_stm32f4_timer_properties.o
 .debug_ranges  0x00000998      0x2e8 ..\obj\stm32f4xx_tim.o

.debug_line     0x00000000     0x97a9
 .debug_line    0x00000000      0x343 ..\obj\tm_stm32f4_fatfs.o
 .debug_line    0x00000343      0x442 ..\obj\diskio.o
 .debug_line    0x00000785       0xbf ..\obj\startup_stm32f4xx.o
 .debug_line    0x00000844      0x298 ..\obj\main.o
 .debug_line    0x00000adc      0xe8b ..\obj\stm32f4xx_rcc.o
 .debug_line    0x00001967      0x4c2 ..\obj\tm_stm32f4_dma.o
 .debug_line    0x00001e29      0x61b ..\obj\fatfs_sd.o
 .debug_line    0x00002444      0x40d ..\obj\tm_stm32f4_delay.o
 .debug_line    0x00002851      0x53d ..\obj\tm_stm32f4_spi.o
 .debug_line    0x00002d8e      0xa3b ..\obj\stm32f4xx_gpio.o
 .debug_line    0x000037c9      0x23e ..\obj\system_stm32f4xx.o
 .debug_line    0x00003a07     0x1444 ..\obj\ff.o
 .debug_line    0x00004e4b      0xcc6 ..\obj\stm32f4xx_spi.o
 .debug_line    0x00005b11      0x379 ..\obj\misc.o
 .debug_line    0x00005e8a      0x420 ..\obj\tm_stm32f4_gpio.o
 .debug_line    0x000062aa      0x347 ..\obj\tm_stm32f4_timer_properties.o
 .debug_line    0x000065f1     0x31b8 ..\obj\stm32f4xx_tim.o

.debug_str      0x00000000     0x3dfc
 .debug_str     0x00000000      0x561 ..\obj\tm_stm32f4_fatfs.o
                                0x5ee (size before relaxing)
 .debug_str     0x00000561      0x3e9 ..\obj\diskio.o
                                0x5f3 (size before relaxing)
 .debug_str     0x0000094a       0xce ..\obj\startup_stm32f4xx.o
                                0x165 (size before relaxing)
 .debug_str     0x00000a18      0x1b7 ..\obj\main.o
                                0x5e0 (size before relaxing)
 .debug_str     0x00000bcf      0x6b5 ..\obj\stm32f4xx_rcc.o
                                0x866 (size before relaxing)
 .debug_str     0x00001284      0x940 ..\obj\tm_stm32f4_dma.o
                                0xafd (size before relaxing)
 .debug_str     0x00001bc4      0x2eb ..\obj\fatfs_sd.o
                                0x630 (size before relaxing)
 .debug_str     0x00001eaf      0x34b ..\obj\tm_stm32f4_delay.o
                                0xb46 (size before relaxing)
 .debug_str     0x000021fa      0x315 ..\obj\tm_stm32f4_spi.o
                                0x763 (size before relaxing)
 .debug_str     0x0000250f      0x196 ..\obj\stm32f4xx_gpio.o
                                0x4b9 (size before relaxing)
 .debug_str     0x000026a5      0x136 ..\obj\system_stm32f4xx.o
                                0x3c8 (size before relaxing)
 .debug_str     0x000027db      0x39e ..\obj\ff.o
                                0x77b (size before relaxing)
 .debug_str     0x00002b79      0x2f6 ..\obj\stm32f4xx_spi.o
                                0x6a0 (size before relaxing)
 .debug_str     0x00002e6f      0x10c ..\obj\misc.o
                                0x3e4 (size before relaxing)
 .debug_str     0x00002f7b      0x1f4 ..\obj\tm_stm32f4_gpio.o
                                0x5bb (size before relaxing)
 .debug_str     0x0000316f      0x203 ..\obj\tm_stm32f4_timer_properties.o
                                0x4f2 (size before relaxing)
 .debug_str     0x00003372      0xa8a ..\obj\stm32f4xx_tim.o
                                0xde6 (size before relaxing)

.comment        0x00000000       0x6e
 .comment       0x00000000       0x6e ..\obj\tm_stm32f4_fatfs.o
                                 0x6f (size before relaxing)
 .comment       0x0000006e       0x6f ..\obj\diskio.o
 .comment       0x0000006e       0x6f ..\obj\startup_stm32f4xx.o
 .comment       0x0000006e       0x6f ..\obj\main.o
 .comment       0x0000006e       0x6f ..\obj\stm32f4xx_rcc.o
 .comment       0x0000006e       0x6f ..\obj\tm_stm32f4_dma.o
 .comment       0x0000006e       0x6f ..\obj\fatfs_sd.o
 .comment       0x0000006e       0x6f ..\obj\tm_stm32f4_delay.o
 .comment       0x0000006e       0x6f ..\obj\tm_stm32f4_spi.o
 .comment       0x0000006e       0x6f ..\obj\stm32f4xx_gpio.o
 .comment       0x0000006e       0x6f ..\obj\system_stm32f4xx.o
 .comment       0x0000006e       0x6f ..\obj\ff.o
 .comment       0x0000006e       0x6f ..\obj\stm32f4xx_spi.o
 .comment       0x0000006e       0x6f ..\obj\misc.o
 .comment       0x0000006e       0x6f ..\obj\tm_stm32f4_gpio.o
 .comment       0x0000006e       0x6f ..\obj\tm_stm32f4_timer_properties.o
 .comment       0x0000006e       0x6f ..\obj\stm32f4xx_tim.o

.ARM.attributes
                0x00000000       0x31
 .ARM.attributes
                0x00000000       0x33 ..\obj\tm_stm32f4_fatfs.o
 .ARM.attributes
                0x00000033       0x33 ..\obj\diskio.o
 .ARM.attributes
                0x00000066       0x33 ..\obj\startup_stm32f4xx.o
 .ARM.attributes
                0x00000099       0x33 ..\obj\main.o
 .ARM.attributes
                0x000000cc       0x33 ..\obj\stm32f4xx_rcc.o
 .ARM.attributes
                0x000000ff       0x33 ..\obj\tm_stm32f4_dma.o
 .ARM.attributes
                0x00000132       0x33 ..\obj\fatfs_sd.o
 .ARM.attributes
                0x00000165       0x33 ..\obj\tm_stm32f4_delay.o
 .ARM.attributes
                0x00000198       0x33 ..\obj\tm_stm32f4_spi.o
 .ARM.attributes
                0x000001cb       0x33 ..\obj\stm32f4xx_gpio.o
 .ARM.attributes
                0x000001fe       0x33 ..\obj\system_stm32f4xx.o
 .ARM.attributes
                0x00000231       0x33 ..\obj\ff.o
 .ARM.attributes
                0x00000264       0x33 ..\obj\stm32f4xx_spi.o
 .ARM.attributes
                0x00000297       0x33 ..\obj\misc.o
 .ARM.attributes
                0x000002ca       0x33 ..\obj\tm_stm32f4_gpio.o
 .ARM.attributes
                0x000002fd       0x33 ..\obj\tm_stm32f4_timer_properties.o
 .ARM.attributes
                0x00000330       0x33 ..\obj\stm32f4xx_tim.o
 .ARM.attributes
                0x00000363       0x1e g:/program files (x86)/gnu tools arm embedded/5.2 2015q4/bin/../lib/gcc/arm-none-eabi/5.2.1/armv7e-m\libgcc.a(_arm_addsubdf3.o)
 .ARM.attributes
                0x00000381       0x1e g:/program files (x86)/gnu tools arm embedded/5.2 2015q4/bin/../lib/gcc/arm-none-eabi/5.2.1/armv7e-m\libgcc.a(_arm_muldivdf3.o)
 .ARM.attributes
                0x0000039f       0x1e g:/program files (x86)/gnu tools arm embedded/5.2 2015q4/bin/../lib/gcc/arm-none-eabi/5.2.1/armv7e-m\libgcc.a(_arm_cmpdf2.o)
 .ARM.attributes
                0x000003bd       0x1e g:/program files (x86)/gnu tools arm embedded/5.2 2015q4/bin/../lib/gcc/arm-none-eabi/5.2.1/armv7e-m\libgcc.a(_arm_fixunsdfsi.o)

.debug_frame    0x00000000     0x3790
 .debug_frame   0x00000000      0x140 ..\obj\tm_stm32f4_fatfs.o
 .debug_frame   0x00000140      0x4a4 ..\obj\diskio.o
 .debug_frame   0x000005e4       0x4c ..\obj\startup_stm32f4xx.o
 .debug_frame   0x00000630       0x54 ..\obj\main.o
 .debug_frame   0x00000684      0x638 ..\obj\stm32f4xx_rcc.o
 .debug_frame   0x00000cbc      0x3a0 ..\obj\tm_stm32f4_dma.o
 .debug_frame   0x0000105c      0x2a4 ..\obj\fatfs_sd.o
 .debug_frame   0x00001300      0x1c4 ..\obj\tm_stm32f4_delay.o
 .debug_frame   0x000014c4      0x270 ..\obj\tm_stm32f4_spi.o
 .debug_frame   0x00001734      0x214 ..\obj\stm32f4xx_gpio.o
 .debug_frame   0x00001948       0x7c ..\obj\system_stm32f4xx.o
 .debug_frame   0x000019c4      0x920 ..\obj\ff.o
 .debug_frame   0x000022e4      0x3a0 ..\obj\stm32f4xx_spi.o
 .debug_frame   0x00002684       0xc4 ..\obj\misc.o
 .debug_frame   0x00002748      0x274 ..\obj\tm_stm32f4_gpio.o
 .debug_frame   0x000029bc       0xa4 ..\obj\tm_stm32f4_timer_properties.o
 .debug_frame   0x00002a60      0xd30 ..\obj\stm32f4xx_tim.o
