Archive member included to satisfy reference by file (symbol)

g:/program files (x86)/gnu tools arm embedded/5.2 2015q4/bin/../lib/gcc/arm-none-eabi/5.2.1/armv7e-m\libgcc.a(_arm_addsubdf3.o)
                              ..\obj\tm_stm32f4_fatfs.o (__aeabi_ui2d)
g:/program files (x86)/gnu tools arm embedded/5.2 2015q4/bin/../lib/gcc/arm-none-eabi/5.2.1/armv7e-m\libgcc.a(_arm_muldivdf3.o)
                              ..\obj\tm_stm32f4_fatfs.o (__aeabi_dmul)
g:/program files (x86)/gnu tools arm embedded/5.2 2015q4/bin/../lib/gcc/arm-none-eabi/5.2.1/armv7e-m\libgcc.a(_arm_cmpdf2.o)
                              ..\obj\tm_stm32f4_timer_properties.o (__aeabi_dcmpeq)
g:/program files (x86)/gnu tools arm embedded/5.2 2015q4/bin/../lib/gcc/arm-none-eabi/5.2.1/armv7e-m\libgcc.a(_arm_fixunsdfsi.o)
                              ..\obj\tm_stm32f4_fatfs.o (__aeabi_d2uiz)
g:/program files (x86)/gnu tools arm embedded/5.2 2015q4/bin/../lib/gcc/arm-none-eabi/5.2.1/../../../../arm-none-eabi/lib/armv7e-m\libg.a(lib_a-malloc.o)
                              ..\obj\tm_stm32f4_fatfs.o (malloc)
g:/program files (x86)/gnu tools arm embedded/5.2 2015q4/bin/../lib/gcc/arm-none-eabi/5.2.1/../../../../arm-none-eabi/lib/armv7e-m\libg.a(lib_a-mallocr.o)
                              g:/program files (x86)/gnu tools arm embedded/5.2 2015q4/bin/../lib/gcc/arm-none-eabi/5.2.1/../../../../arm-none-eabi/lib/armv7e-m\libg.a(lib_a-malloc.o) (_malloc_r)
g:/program files (x86)/gnu tools arm embedded/5.2 2015q4/bin/../lib/gcc/arm-none-eabi/5.2.1/../../../../arm-none-eabi/lib/armv7e-m\libg.a(lib_a-mlock.o)
                              g:/program files (x86)/gnu tools arm embedded/5.2 2015q4/bin/../lib/gcc/arm-none-eabi/5.2.1/../../../../arm-none-eabi/lib/armv7e-m\libg.a(lib_a-mallocr.o) (__malloc_lock)
g:/program files (x86)/gnu tools arm embedded/5.2 2015q4/bin/../lib/gcc/arm-none-eabi/5.2.1/../../../../arm-none-eabi/lib/armv7e-m\libg.a(lib_a-printf.o)
                              ..\obj\main.o (printf)
g:/program files (x86)/gnu tools arm embedded/5.2 2015q4/bin/../lib/gcc/arm-none-eabi/5.2.1/../../../../arm-none-eabi/lib/armv7e-m\libg.a(lib_a-sbrkr.o)
                              g:/program files (x86)/gnu tools arm embedded/5.2 2015q4/bin/../lib/gcc/arm-none-eabi/5.2.1/../../../../arm-none-eabi/lib/armv7e-m\libg.a(lib_a-mallocr.o) (_sbrk_r)
g:/program files (x86)/gnu tools arm embedded/5.2 2015q4/bin/../lib/gcc/arm-none-eabi/5.2.1/../../../../arm-none-eabi/lib/armv7e-m\libg.a(lib_a-sprintf.o)
                              ..\obj\tm_stm32f4_fatfs.o (sprintf)
g:/program files (x86)/gnu tools arm embedded/5.2 2015q4/bin/../lib/gcc/arm-none-eabi/5.2.1/../../../../arm-none-eabi/lib/armv7e-m\libg.a(lib_a-strcpy.o)
                              ..\obj\tm_stm32f4_fatfs.o (strcpy)
g:/program files (x86)/gnu tools arm embedded/5.2 2015q4/bin/../lib/gcc/arm-none-eabi/5.2.1/../../../../arm-none-eabi/lib/armv7e-m\libg.a(lib_a-strlen.o)
                              ..\obj\tm_stm32f4_fatfs.o (strlen)
g:/program files (x86)/gnu tools arm embedded/5.2 2015q4/bin/../lib/gcc/arm-none-eabi/5.2.1/../../../../arm-none-eabi/lib/armv7e-m\libg.a(lib_a-svfprintf.o)
                              g:/program files (x86)/gnu tools arm embedded/5.2 2015q4/bin/../lib/gcc/arm-none-eabi/5.2.1/../../../../arm-none-eabi/lib/armv7e-m\libg.a(lib_a-sprintf.o) (_svfprintf_r)
g:/program files (x86)/gnu tools arm embedded/5.2 2015q4/bin/../lib/gcc/arm-none-eabi/5.2.1/../../../../arm-none-eabi/lib/armv7e-m\libg.a(lib_a-vfprintf.o)
                              g:/program files (x86)/gnu tools arm embedded/5.2 2015q4/bin/../lib/gcc/arm-none-eabi/5.2.1/../../../../arm-none-eabi/lib/armv7e-m\libg.a(lib_a-printf.o) (_vfprintf_r)
g:/program files (x86)/gnu tools arm embedded/5.2 2015q4/bin/../lib/gcc/arm-none-eabi/5.2.1/../../../../arm-none-eabi/lib/armv7e-m\libg.a(lib_a-wsetup.o)
                              g:/program files (x86)/gnu tools arm embedded/5.2 2015q4/bin/../lib/gcc/arm-none-eabi/5.2.1/../../../../arm-none-eabi/lib/armv7e-m\libg.a(lib_a-vfprintf.o) (__swsetup_r)
g:/program files (x86)/gnu tools arm embedded/5.2 2015q4/bin/../lib/gcc/arm-none-eabi/5.2.1/../../../../arm-none-eabi/lib/armv7e-m\libg.a(lib_a-dtoa.o)
                              g:/program files (x86)/gnu tools arm embedded/5.2 2015q4/bin/../lib/gcc/arm-none-eabi/5.2.1/../../../../arm-none-eabi/lib/armv7e-m\libg.a(lib_a-svfprintf.o) (_dtoa_r)
g:/program files (x86)/gnu tools arm embedded/5.2 2015q4/bin/../lib/gcc/arm-none-eabi/5.2.1/../../../../arm-none-eabi/lib/armv7e-m\libg.a(lib_a-fflush.o)
                              g:/program files (x86)/gnu tools arm embedded/5.2 2015q4/bin/../lib/gcc/arm-none-eabi/5.2.1/../../../../arm-none-eabi/lib/armv7e-m\libg.a(lib_a-vfprintf.o) (_fflush_r)
g:/program files (x86)/gnu tools arm embedded/5.2 2015q4/bin/../lib/gcc/arm-none-eabi/5.2.1/../../../../arm-none-eabi/lib/armv7e-m\libg.a(lib_a-findfp.o)
[...]
Memory Configuration

Name             Origin             Length             Attributes
rom              0x08000000         0x00100000         xr
ram              0x20000000         0x00020000         xrw
ram1             0x10000000         0x00010000         xrw
*default*        0x00000000         0xffffffff

Linker script and memory map

                0x20020000                _eram = 0x20020000

.text           0x08000000     0x9f90
 *(.isr_vector)
 .isr_vector    0x08000000      0x188 ..\obj\startup_stm32f4xx.o
                0x08000000                g_pfnVectors
 *(.text*)
 .text.disk_initialize
                0x08000188       0x44 ..\obj\diskio.o
                0x08000188                disk_initialize
 .text.disk_status
                0x080001cc       0x48 ..\obj\diskio.o
                0x080001cc                disk_status
 .text.disk_read
                0x08000214       0x5c ..\obj\diskio.o
                0x08000214                disk_read
 .text.disk_write
                0x08000270       0x5c ..\obj\diskio.o
                0x08000270                disk_write
 .text.disk_ioctl
                0x080002cc       0x54 ..\obj\diskio.o
                0x080002cc                disk_ioctl
 .text.get_fattime
                0x08000320       0x14 ..\obj\diskio.o
                0x08000320                get_fattime
 .text.TM_FATFS_USB_disk_initialize
                0x08000334       0x10 ..\obj\diskio.o
                0x08000334                TM_FATFS_USB_disk_initialize
 .text.TM_FATFS_SDRAM_disk_initialize
                0x08000344       0x10 ..\obj\diskio.o
                0x08000344                TM_FATFS_SDRAM_disk_initialize
 .text.TM_FATFS_SPI_FLASH_disk_initialize
                0x08000354       0x10 ..\obj\diskio.o
                0x08000354                TM_FATFS_SPI_FLASH_disk_initialize
 .text.TM_FATFS_USB_disk_status
                0x08000364       0x10 ..\obj\diskio.o
                0x08000364                TM_FATFS_USB_disk_status
 .text.TM_FATFS_SDRAM_disk_status
                0x08000374       0x10 ..\obj\diskio.o
                0x08000374                TM_FATFS_SDRAM_disk_status
 .text.TM_FATFS_SPI_FLASH_disk_status
                0x08000384       0x10 ..\obj\diskio.o
                0x08000384                TM_FATFS_SPI_FLASH_disk_status
 .text.TM_FATFS_USB_disk_ioctl
                0x08000394       0x18 ..\obj\diskio.o
                0x08000394                TM_FATFS_USB_disk_ioctl
 .text.TM_FATFS_SDRAM_disk_ioctl
                0x080003ac       0x18 ..\obj\diskio.o
                0x080003ac                TM_FATFS_SDRAM_disk_ioctl
 .text.TM_FATFS_SPI_FLASH_disk_ioctl
                0x080003c4       0x18 ..\obj\diskio.o
                0x080003c4                TM_FATFS_SPI_FLASH_disk_ioctl
 .text.TM_FATFS_USB_disk_read
                0x080003dc       0x18 ..\obj\diskio.o
                0x080003dc                TM_FATFS_USB_disk_read
 .text.TM_FATFS_SDRAM_disk_read
                0x080003f4       0x18 ..\obj\diskio.o
                0x080003f4                TM_FATFS_SDRAM_disk_read
 .text.TM_FATFS_SPI_FLASH_disk_read
                0x0800040c       0x18 ..\obj\diskio.o
                0x0800040c                TM_FATFS_SPI_FLASH_disk_read
 .text.TM_FATFS_USB_disk_write
                0x08000424       0x18 ..\obj\diskio.o
                0x08000424                TM_FATFS_USB_disk_write
 .text.TM_FATFS_SDRAM_disk_write
                0x0800043c       0x18 ..\obj\diskio.o
                0x0800043c                TM_FATFS_SDRAM_disk_write
 .text.TM_FATFS_SPI_FLASH_disk_write
                0x08000454       0x18 ..\obj\diskio.o
                0x08000454                TM_FATFS_SPI_FLASH_disk_write
 .text.Default_Reset_Handler
                0x0800046c       0x5c ..\obj\startup_stm32f4xx.o
                0x0800046c                Default_Reset_Handler
                0x0800046c                Reset_Handler
 .text.Default_Handler
                0x080004c8        0x8 ..\obj\startup_stm32f4xx.o
                0x080004c8                RTC_Alarm_IRQHandler
                0x080004c8                HASH_RNG_IRQHandler
                0x080004c8                EXTI2_IRQHandler
                0x080004c8                TIM8_CC_IRQHandler
                0x080004c8                DebugMon_Handler
                0x080004c8                TIM1_CC_IRQHandler
                0x080004c8                HardFault_Handler
                0x080004c8                SysTick_Handler
                0x080004c8                PVD_IRQHandler
                0x080004c8                SDIO_IRQHandler
                0x080004c8                TAMP_STAMP_IRQHandler
                0x080004c8                PendSV_Handler
                0x080004c8                NMI_Handler
                0x080004c8                CAN2_RX1_IRQHandler
                0x080004c8                EXTI3_IRQHandler
                0x080004c8                TIM8_TRG_COM_TIM14_IRQHandler
                0x080004c8                TIM1_UP_TIM10_IRQHandler
                0x080004c8                TIM8_UP_TIM13_IRQHandler
                0x080004c8                I2C3_ER_IRQHandler
                0x080004c8                EXTI0_IRQHandler
                0x080004c8                I2C2_EV_IRQHandler
                0x080004c8                CAN1_RX0_IRQHandler
                0x080004c8                FPU_IRQHandler
                0x080004c8                OTG_HS_WKUP_IRQHandler
                0x080004c8                UsageFault_Handler
                0x080004c8                CAN2_SCE_IRQHandler
                0x080004c8                SPI1_IRQHandler
                0x080004c8                TIM6_DAC_IRQHandler
                0x080004c8                TIM1_BRK_TIM9_IRQHandler
                0x080004c8                DCMI_IRQHandler
                0x080004c8                CAN2_RX0_IRQHandler
                0x080004c8                USART6_IRQHandler
                0x080004c8                USART3_IRQHandler
                0x080004c8                CRYP_IRQHandler
                0x080004c8                CAN1_RX1_IRQHandler
                0x080004c8                UART5_IRQHandler
                0x080004c8                I2C1_EV_IRQHandler
                0x080004c8                UART4_IRQHandler
                0x080004c8                TIM3_IRQHandler
                0x080004c8                RCC_IRQHandler
                0x080004c8                TIM8_BRK_TIM12_IRQHandler
                0x080004c8                EXTI15_10_IRQHandler
                0x080004c8                ADC_IRQHandler
                0x080004c8                TIM7_IRQHandler
                0x080004c8                CAN2_TX_IRQHandler
                0x080004c8                TIM5_IRQHandler
                0x080004c8                I2C3_EV_IRQHandler
                0x080004c8                EXTI9_5_IRQHandler
                0x080004c8                RTC_WKUP_IRQHandler
                0x080004c8                ETH_WKUP_IRQHandler
                0x080004c8                SPI2_IRQHandler
                0x080004c8                OTG_HS_EP1_IN_IRQHandler
                0x080004c8                MemManage_Handler
                0x080004c8                CAN1_TX_IRQHandler
                0x080004c8                SVC_Handler
                0x080004c8                EXTI4_IRQHandler
                0x080004c8                FSMC_IRQHandler
                0x080004c8                ETH_IRQHandler
                0x080004c8                OTG_HS_EP1_OUT_IRQHandler
                0x080004c8                WWDG_IRQHandler
                0x080004c8                TIM2_IRQHandler
                0x080004c8                OTG_FS_WKUP_IRQHandler
                0x080004c8                TIM1_TRG_COM_TIM11_IRQHandler
                0x080004c8                OTG_HS_IRQHandler
                0x080004c8                EXTI1_IRQHandler
                0x080004c8                USART2_IRQHandler
                0x080004c8                I2C2_ER_IRQHandler
                0x080004c8                CAN1_SCE_IRQHandler
                0x080004c8                FLASH_IRQHandler
                0x080004c8                BusFault_Handler
                0x080004c8                USART1_IRQHandler
                0x080004c8                OTG_FS_IRQHandler
                0x080004c8                SPI3_IRQHandler
                0x080004c8                I2C1_ER_IRQHandler
 .text.sdcard1  0x080004d0       0x70 ..\obj\main.o
                0x080004d0                sdcard1
 .text.main     0x08000540       0x14 ..\obj\main.o
                0x08000540                main
 .text.RCC_GetClocksFreq
                0x08000554      0x154 ..\obj\stm32f4xx_rcc.o
                0x08000554                RCC_GetClocksFreq
 .text.RCC_APB1PeriphClockCmd
                0x080006a8       0x74 ..\obj\stm32f4xx_rcc.o
                0x080006a8                RCC_APB1PeriphClockCmd
 .text.RCC_APB2PeriphClockCmd
                0x0800071c       0x74 ..\obj\stm32f4xx_rcc.o
                0x0800071c                RCC_APB2PeriphClockCmd
 .text.TM_DMA_ClearFlag
                0x08000790       0x88 ..\obj\tm_stm32f4_dma.o
                0x08000790                TM_DMA_ClearFlag
 .text.TM_DMA_GetFlags
                0x08000818       0xa0 ..\obj\tm_stm32f4_dma.o
                0x08000818                TM_DMA_GetFlags
 .text.TM_DMA_TransferCompleteHandler
                0x080008b8       0x14 ..\obj\tm_stm32f4_dma.o
                0x080008b8                TM_DMA_TransferCompleteHandler
 .text.TM_DMA_HalfTransferCompleteHandler
                0x080008cc       0x14 ..\obj\tm_stm32f4_dma.o
                0x080008cc                TM_DMA_HalfTransferCompleteHandler
 .text.TM_DMA_TransferErrorHandler
                0x080008e0       0x14 ..\obj\tm_stm32f4_dma.o
                0x080008e0                TM_DMA_TransferErrorHandler
 .text.TM_DMA_DirectModeErrorHandler
                0x080008f4       0x14 ..\obj\tm_stm32f4_dma.o
                0x080008f4                TM_DMA_DirectModeErrorHandler
 .text.TM_DMA_FIFOErrorHandler
                0x08000908       0x14 ..\obj\tm_stm32f4_dma.o
                0x08000908                TM_DMA_FIFOErrorHandler
 .text.TM_DMA_INT_ProcessInterrupt
                0x0800091c       0xb0 ..\obj\tm_stm32f4_dma.o
 .text.DMA1_Stream0_IRQHandler
                0x080009cc       0x14 ..\obj\tm_stm32f4_dma.o
                0x080009cc                DMA1_Stream0_IRQHandler
 .text.DMA1_Stream1_IRQHandler
                0x080009e0       0x14 ..\obj\tm_stm32f4_dma.o
                0x080009e0                DMA1_Stream1_IRQHandler
 .text.DMA1_Stream2_IRQHandler
                0x080009f4       0x14 ..\obj\tm_stm32f4_dma.o
                0x080009f4                DMA1_Stream2_IRQHandler
 .text.DMA1_Stream3_IRQHandler
                0x08000a08       0x14 ..\obj\tm_stm32f4_dma.o
                0x08000a08                DMA1_Stream3_IRQHandler
 .text.DMA1_Stream4_IRQHandler
                0x08000a1c       0x14 ..\obj\tm_stm32f4_dma.o
                0x08000a1c                DMA1_Stream4_IRQHandler
 .text.DMA1_Stream5_IRQHandler
                0x08000a30       0x14 ..\obj\tm_stm32f4_dma.o
                0x08000a30                DMA1_Stream5_IRQHandler
 .text.DMA1_Stream6_IRQHandler
                0x08000a44       0x14 ..\obj\tm_stm32f4_dma.o
                0x08000a44                DMA1_Stream6_IRQHandler
 .text.DMA1_Stream7_IRQHandler
                0x08000a58       0x14 ..\obj\tm_stm32f4_dma.o
                0x08000a58                DMA1_Stream7_IRQHandler
 .text.DMA2_Stream0_IRQHandler
                0x08000a6c       0x14 ..\obj\tm_stm32f4_dma.o
                0x08000a6c                DMA2_Stream0_IRQHandler
 .text.DMA2_Stream1_IRQHandler
                0x08000a80       0x14 ..\obj\tm_stm32f4_dma.o
                0x08000a80                DMA2_Stream1_IRQHandler
 .text.DMA2_Stream2_IRQHandler
                0x08000a94       0x14 ..\obj\tm_stm32f4_dma.o
                0x08000a94                DMA2_Stream2_IRQHandler
 .text.DMA2_Stream3_IRQHandler
                0x08000aa8       0x14 ..\obj\tm_stm32f4_dma.o
                0x08000aa8                DMA2_Stream3_IRQHandler
 .text.DMA2_Stream4_IRQHandler
                0x08000abc       0x14 ..\obj\tm_stm32f4_dma.o
                0x08000abc                DMA2_Stream4_IRQHandler
 .text.DMA2_Stream5_IRQHandler
                0x08000ad0       0x14 ..\obj\tm_stm32f4_dma.o
                0x08000ad0                DMA2_Stream5_IRQHandler
 .text.DMA2_Stream6_IRQHandler
                0x08000ae4       0x14 ..\obj\tm_stm32f4_dma.o
                0x08000ae4                DMA2_Stream6_IRQHandler
 .text.DMA2_Stream7_IRQHandler
                0x08000af8       0x14 ..\obj\tm_stm32f4_dma.o
                0x08000af8                DMA2_Stream7_IRQHandler
 .text.TM_SPI_Send
                0x08000b0c       0x74 ..\obj\fatfs_sd.o
 .text.Delayms  0x08000b80       0x58 ..\obj\fatfs_sd.o
 .text.init_spi
                0x08000bd8       0x28 ..\obj\fatfs_sd.o
 .text.rcvr_spi_multi
                0x08000c00       0x24 ..\obj\fatfs_sd.o
 .text.xmit_spi_multi
                0x08000c24       0x20 ..\obj\fatfs_sd.o
 .text.wait_ready
                0x08000c44       0x44 ..\obj\fatfs_sd.o
 .text.deselect
                0x08000c88       0x20 ..\obj\fatfs_sd.o
 .text.select1  0x08000ca8       0x38 ..\obj\fatfs_sd.o
 .text.rcvr_datablock
                0x08000ce0       0x60 ..\obj\fatfs_sd.o
 .text.xmit_datablock
                0x08000d40       0x70 ..\obj\fatfs_sd.o
 .text.send_cmd
                0x08000db0       0xf4 ..\obj\fatfs_sd.o
 .text.TM_FATFS_InitPins
                0x08000ea4       0x24 ..\obj\fatfs_sd.o
                0x08000ea4                TM_FATFS_InitPins
 .text.TM_FATFS_Detect
                0x08000ec8       0x10 ..\obj\fatfs_sd.o
                0x08000ec8                TM_FATFS_Detect
 .text.TM_FATFS_WriteEnabled
                0x08000ed8       0x10 ..\obj\fatfs_sd.o
                0x08000ed8                TM_FATFS_WriteEnabled
 .text.TM_FATFS_SD_disk_initialize
                0x08000ee8      0x1d0 ..\obj\fatfs_sd.o
                0x08000ee8                TM_FATFS_SD_disk_initialize
 .text.TM_FATFS_SD_disk_status
                0x080010b8       0x4c ..\obj\fatfs_sd.o
                0x080010b8                TM_FATFS_SD_disk_status
 .text.TM_FATFS_SD_disk_read
                0x08001104       0xc4 ..\obj\fatfs_sd.o
                0x08001104                TM_FATFS_SD_disk_read
 .text.TM_FATFS_SD_disk_write
                0x080011c8      0x100 ..\obj\fatfs_sd.o
                0x080011c8                TM_FATFS_SD_disk_write
 .text.TM_FATFS_SD_disk_ioctl
                0x080012c8      0x2e4 ..\obj\fatfs_sd.o
                0x080012c8                TM_FATFS_SD_disk_ioctl
 .text.TIM4_IRQHandler
                0x080015ac       0xfc ..\obj\tm_stm32f4_delay.o
                0x080015ac                TIM4_IRQHandler
 .text.TM_DELAY_Init
                0x080016a8       0x18 ..\obj\tm_stm32f4_delay.o
                0x080016a8                TM_DELAY_Init
 .text.TM_DELAY_INT_InitTIM
                0x080016c0       0xbc ..\obj\tm_stm32f4_delay.o
                0x080016c0                TM_DELAY_INT_InitTIM
 .text.TM_SPI_Init
                0x0800177c       0x7c ..\obj\tm_stm32f4_spi.o
                0x0800177c                TM_SPI_Init
 .text.TM_SPI_WriteMulti
                0x080017f8       0x88 ..\obj\tm_stm32f4_spi.o
                0x080017f8                TM_SPI_WriteMulti
 .text.TM_SPI_ReadMulti
                0x08001880       0x94 ..\obj\tm_stm32f4_spi.o
                0x08001880                TM_SPI_ReadMulti
 .text.TM_SPI_InitCustomPinsCallback
                0x08001914       0x18 ..\obj\tm_stm32f4_spi.o
                0x08001914                TM_SPI_InitCustomPinsCallback
 .text.TM_SPIx_Init
                0x0800192c      0x11c ..\obj\tm_stm32f4_spi.o
 .text.TM_SPI1_INT_InitPins
                0x08001a48       0x60 ..\obj\tm_stm32f4_spi.o
                0x08001a48                TM_SPI1_INT_InitPins
 .text.TM_SPI2_INT_InitPins
                0x08001aa8       0x98 ..\obj\tm_stm32f4_spi.o
                0x08001aa8                TM_SPI2_INT_InitPins
 .text.TM_SPI3_INT_InitPins
                0x08001b40       0x64 ..\obj\tm_stm32f4_spi.o
                0x08001b40                TM_SPI3_INT_InitPins
 .text.SystemInit
                0x08001ba4       0x5c ..\obj\system_stm32f4xx.o
                0x08001ba4                SystemInit
 .text.SetSysClock
                0x08001c00       0xf4 ..\obj\system_stm32f4xx.o
 .text.mem_cpy  0x08001cf4       0x3c ..\obj\ff.o
 .text.mem_set  0x08001d30       0x34 ..\obj\ff.o
 .text.mem_cmp  0x08001d64       0x4c ..\obj\ff.o
 .text.chk_chr  0x08001db0       0x34 ..\obj\ff.o
 .text.sync_window
                0x08001de4       0x88 ..\obj\ff.o
 .text.move_window
                0x08001e6c       0x5c ..\obj\ff.o
 .text.sync_fs  0x08001ec8      0x13c ..\obj\ff.o
 .text.clust2sect
                0x08002004       0x3c ..\obj\ff.o
                0x08002004                clust2sect
 .text.get_fat  0x08002040      0x174 ..\obj\ff.o
                0x08002040                get_fat
 .text.put_fat  0x080021b4      0x210 ..\obj\ff.o
                0x080021b4                put_fat
 .text.remove_chain
                0x080023c4       0xa8 ..\obj\ff.o
 .text.create_chain
                0x0800246c      0x128 ..\obj\ff.o
 .text.dir_sdi  0x08002594      0x100 ..\obj\ff.o
 .text.dir_next
                0x08002694      0x1a8 ..\obj\ff.o
 .text.dir_alloc
                0x0800283c       0x8c ..\obj\ff.o
 .text.ld_clust
                0x080028c8       0x58 ..\obj\ff.o
 .text.st_clust
                0x08002920       0x44 ..\obj\ff.o
 .text.dir_find
                0x08002964       0x98 ..\obj\ff.o
 .text.dir_register
                0x080029fc       0x64 ..\obj\ff.o
 .text.create_name
                0x08002a60      0x1e0 ..\obj\ff.o
 .text.follow_path
                0x08002c40      0x108 ..\obj\ff.o
 .text.get_ldnumber
                0x08002d48      0x10c ..\obj\ff.o
 .text.check_fs
                0x08002e54       0xd4 ..\obj\ff.o
 .text.find_volume
                0x08002f28      0x56c ..\obj\ff.o
 .text.validate
                0x08003494       0x5c ..\obj\ff.o
 .text.f_mount  0x080034f0       0x88 ..\obj\ff.o
                0x080034f0                f_mount
 .text.f_open   0x08003578      0x27c ..\obj\ff.o
                0x08003578                f_open
 .text.f_read   0x080037f4      0x270 ..\obj\ff.o
                0x080037f4                f_read
 .text.f_sync   0x08003a64      0x148 ..\obj\ff.o
                0x08003a64                f_sync
 .text.f_close  0x08003bac       0x38 ..\obj\ff.o
                0x08003bac                f_close
 .text.f_gets   0x08003be4       0x7c ..\obj\ff.o
                0x08003be4                f_gets
 .text.SPI_Init
                0x08003c60      0x1f4 ..\obj\stm32f4xx_spi.o
                0x08003c60                SPI_Init
 .text.SPI_StructInit
                0x08003e54       0x48 ..\obj\stm32f4xx_spi.o
                0x08003e54                SPI_StructInit
 .text.NVIC_Init
                0x08003e9c      0x104 ..\obj\misc.o
                0x08003e9c                NVIC_Init
 .text.TM_GPIO_Init
                0x08003fa0       0x48 ..\obj\tm_stm32f4_gpio.o
                0x08003fa0                TM_GPIO_Init
 .text.TM_GPIO_InitAlternate
                0x08003fe8       0xa8 ..\obj\tm_stm32f4_gpio.o
                0x08003fe8                TM_GPIO_InitAlternate
 .text.TM_GPIO_GetPortSource
                0x08004090       0x20 ..\obj\tm_stm32f4_gpio.o
                0x08004090                TM_GPIO_GetPortSource
 .text.TM_GPIO_INT_EnableClock
                0x080040b0       0x30 ..\obj\tm_stm32f4_gpio.o
                0x080040b0                TM_GPIO_INT_EnableClock
 .text.TM_GPIO_INT_Init
                0x080040e0      0x110 ..\obj\tm_stm32f4_gpio.o
                0x080040e0                TM_GPIO_INT_Init
 .text.TM_TIMER_PROPERTIES_GetTimerProperties
                0x080041f0      0x100 ..\obj\tm_stm32f4_timer_properties.o
                0x080041f0                TM_TIMER_PROPERTIES_GetTimerProperties
 .text.TM_TIMER_PROPERTIES_GenerateDataForWorkingFrequency
                0x080042f0      0x118 ..\obj\tm_stm32f4_timer_properties.o
                0x080042f0                TM_TIMER_PROPERTIES_GenerateDataForWorkingFrequency
 .text.TM_TIMER_PROPERTIES_EnableClock
                0x08004408      0x148 ..\obj\tm_stm32f4_timer_properties.o
                0x08004408                TM_TIMER_PROPERTIES_EnableClock
 .text.TIM_TimeBaseInit
                0x08004550      0x1c4 ..\obj\stm32f4xx_tim.o
                0x08004550                TIM_TimeBaseInit
 .text          0x08004714      0x370 g:/program files (x86)/gnu tools arm embedded/5.2 2015q4/bin/../lib/gcc/arm-none-eabi/5.2.1/armv7e-m\libgcc.a(_arm_addsubdf3.o)
                0x08004714                __aeabi_drsub
                0x0800471c                __aeabi_dsub
                0x0800471c                __subdf3
                0x08004720                __aeabi_dadd
                0x08004720                __adddf3
                0x08004998                __floatunsidf
                0x08004998                __aeabi_ui2d
                0x080049b8                __floatsidf
                0x080049b8                __aeabi_i2d
                0x080049dc                __aeabi_f2d
                0x080049dc                __extendsfdf2
                0x08004a18                __floatundidf
                0x08004a18                __aeabi_ul2d
                0x08004a28                __floatdidf
                0x08004a28                __aeabi_l2d
 .text          0x08004a84      0x424 g:/program files (x86)/gnu tools arm embedded/5.2 2015q4/bin/../lib/gcc/arm-none-eabi/5.2.1/armv7e-m\libgcc.a(_arm_muldivdf3.o)
                0x08004a84                __aeabi_dmul
                0x08004a84                __muldf3
                0x08004cd8                __divdf3
                0x08004cd8                __aeabi_ddiv
 .text          0x08004ea8      0x110 g:/program files (x86)/gnu tools arm embedded/5.2 2015q4/bin/../lib/gcc/arm-none-eabi/5.2.1/armv7e-m\libgcc.a(_arm_cmpdf2.o)
                0x08004ea8                __gtdf2
                0x08004ea8                __gedf2
                0x08004eb0                __ltdf2
                0x08004eb0                __ledf2
                0x08004eb8                __nedf2
                0x08004eb8                __eqdf2
                0x08004eb8                __cmpdf2
                0x08004f34                __aeabi_cdrcmple
                0x08004f44                __aeabi_cdcmpeq
                0x08004f44                __aeabi_cdcmple
                0x08004f54                __aeabi_dcmpeq
                0x08004f68                __aeabi_dcmplt
                0x08004f7c                __aeabi_dcmple
                0x08004f90                __aeabi_dcmpge
                0x08004fa4                __aeabi_dcmpgt
 .text          0x08004fb8       0x40 g:/program files (x86)/gnu tools arm embedded/5.2 2015q4/bin/../lib/gcc/arm-none-eabi/5.2.1/armv7e-m\libgcc.a(_arm_fixunsdfsi.o)
                0x08004fb8                __aeabi_d2uiz
                0x08004fb8                __fixunsdfsi
 .text._malloc_r
                0x08004ff8      0x570 g:/program files (x86)/gnu tools arm embedded/5.2 2015q4/bin/../lib/gcc/arm-none-eabi/5.2.1/../../../../arm-none-eabi/lib/armv7e-m\libg.a(lib_a-mallocr.o)
                0x08004ff8                _malloc_r
 .text.__malloc_lock
                0x08005568        0x4 g:/program files (x86)/gnu tools arm embedded/5.2 2015q4/bin/../lib/gcc/arm-none-eabi/5.2.1/../../../../arm-none-eabi/lib/armv7e-m\libg.a(lib_a-mlock.o)
                0x08005568                __malloc_lock
 .text.__malloc_unlock
                0x0800556c        0x4 g:/program files (x86)/gnu tools arm embedded/5.2 2015q4/bin/../lib/gcc/arm-none-eabi/5.2.1/../../../../arm-none-eabi/lib/armv7e-m\libg.a(lib_a-mlock.o)
                0x0800556c                __malloc_unlock
 .text.printf   0x08005570       0x28 g:/program files (x86)/gnu tools arm embedded/5.2 2015q4/bin/../lib/gcc/arm-none-eabi/5.2.1/../../../../arm-none-eabi/lib/armv7e-m\libg.a(lib_a-printf.o)
                0x08005570                printf
 .text._sbrk_r  0x08005598       0x24 g:/program files (x86)/gnu tools arm embedded/5.2 2015q4/bin/../lib/gcc/arm-none-eabi/5.2.1/../../../../arm-none-eabi/lib/armv7e-m\libg.a(lib_a-sbrkr.o)
                0x08005598                _sbrk_r
 *fill*         0x080055bc        0x4 
 .text          0x080055c0       0xdc g:/program files (x86)/gnu tools arm embedded/5.2 2015q4/bin/../lib/gcc/arm-none-eabi/5.2.1/../../../../arm-none-eabi/lib/armv7e-m\libg.a(lib_a-strlen.o)
                0x080055c0                strlen
 .text._vfprintf_r
                0x0800569c     0x1684 g:/program files (x86)/gnu tools arm embedded/5.2 2015q4/bin/../lib/gcc/arm-none-eabi/5.2.1/../../../../arm-none-eabi/lib/armv7e-m\libg.a(lib_a-vfprintf.o)
                0x0800569c                _vfprintf_r
 .text.__sbprintf
                0x08006d20       0x6c g:/program files (x86)/gnu tools arm embedded/5.2 2015q4/bin/../lib/gcc/arm-none-eabi/5.2.1/../../../../arm-none-eabi/lib/armv7e-m\libg.a(lib_a-vfprintf.o)
 .text.__swsetup_r
                0x08006d8c       0xc4 g:/program files (x86)/gnu tools arm embedded/5.2 2015q4/bin/../lib/gcc/arm-none-eabi/5.2.1/../../../../arm-none-eabi/lib/armv7e-m\libg.a(lib_a-wsetup.o)
                0x08006d8c                __swsetup_r
 .text.quorem   0x08006e50      0x128 g:/program files (x86)/gnu tools arm embedded/5.2 2015q4/bin/../lib/gcc/arm-none-eabi/5.2.1/../../../../arm-none-eabi/lib/armv7e-m\libg.a(lib_a-dtoa.o)
 .text._dtoa_r  0x08006f78      0xe58 g:/program files (x86)/gnu tools arm embedded/5.2 2015q4/bin/../lib/gcc/arm-none-eabi/5.2.1/../../../../arm-none-eabi/lib/armv7e-m\libg.a(lib_a-dtoa.o)
                0x08006f78                _dtoa_r
 .text.__sflush_r
                0x08007dd0      0x148 g:/program files (x86)/gnu tools arm embedded/5.2 2015q4/bin/../lib/gcc/arm-none-eabi/5.2.1/../../../../arm-none-eabi/lib/armv7e-m\libg.a(lib_a-fflush.o)
                0x08007dd0                __sflush_r
 .text._fflush_r
                0x08007f18       0x2c g:/program files (x86)/gnu tools arm embedded/5.2 2015q4/bin/../lib/gcc/arm-none-eabi/5.2.1/../../../../arm-none-eabi/lib/armv7e-m\libg.a(lib_a-fflush.o)
                0x08007f18                _fflush_r
 .text._cleanup_r
                0x08007f44        0xc g:/program files (x86)/gnu tools arm embedded/5.2 2015q4/bin/../lib/gcc/arm-none-eabi/5.2.1/../../../../arm-none-eabi/lib/armv7e-m\libg.a(lib_a-findfp.o)
                0x08007f44                _cleanup_r
 .text.__sinit.part.1
                0x08007f50       0xf0 g:/program files (x86)/gnu tools arm embedded/5.2 2015q4/bin/../lib/gcc/arm-none-eabi/5.2.1/../../../../arm-none-eabi/lib/armv7e-m\libg.a(lib_a-findfp.o)
 .text.__sinit  0x08008040        0xc g:/program files (x86)/gnu tools arm embedded/5.2 2015q4/bin/../lib/gcc/arm-none-eabi/5.2.1/../../../../arm-none-eabi/lib/armv7e-m\libg.a(lib_a-findfp.o)
                0x08008040                __sinit
 .text.__sfp_lock_acquire
                0x0800804c        0x4 g:/program files (x86)/gnu tools arm embedded/5.2 2015q4/bin/../lib/gcc/arm-none-eabi/5.2.1/../../../../arm-none-eabi/lib/armv7e-m\libg.a(lib_a-findfp.o)
                0x0800804c                __sfp_lock_acquire
 .text.__sfp_lock_release
                0x08008050        0x4 g:/program files (x86)/gnu tools arm embedded/5.2 2015q4/bin/../lib/gcc/arm-none-eabi/5.2.1/../../../../arm-none-eabi/lib/armv7e-m\libg.a(lib_a-findfp.o)
                0x08008050                __sfp_lock_release
 .text._malloc_trim_r
                0x08008054       0x9c g:/program files (x86)/gnu tools arm embedded/5.2 2015q4/bin/../lib/gcc/arm-none-eabi/5.2.1/../../../../arm-none-eabi/lib/armv7e-m\libg.a(lib_a-freer.o)
                0x08008054                _malloc_trim_r
 .text._free_r  0x080080f0      0x1d0 g:/program files (x86)/gnu tools arm embedded/5.2 2015q4/bin/../lib/gcc/arm-none-eabi/5.2.1/../../../../arm-none-eabi/lib/armv7e-m\libg.a(lib_a-freer.o)
                0x080080f0                _free_r
 .text._fwalk_reent
                0x080082c0       0x54 g:/program files (x86)/gnu tools arm embedded/5.2 2015q4/bin/../lib/gcc/arm-none-eabi/5.2.1/../../../../arm-none-eabi/lib/armv7e-m\libg.a(lib_a-fwalk.o)
                0x080082c0                _fwalk_reent
 .text.__locale_charset
                0x08008314        0x8 g:/program files (x86)/gnu tools arm embedded/5.2 2015q4/bin/../lib/gcc/arm-none-eabi/5.2.1/../../../../arm-none-eabi/lib/armv7e-m\libg.a(lib_a-locale.o)
                0x08008314                __locale_charset
 .text.__locale_mb_cur_max
                0x0800831c        0xc g:/program files (x86)/gnu tools arm embedded/5.2 2015q4/bin/../lib/gcc/arm-none-eabi/5.2.1/../../../../arm-none-eabi/lib/armv7e-m\libg.a(lib_a-locale.o)
                0x0800831c                __locale_mb_cur_max
 .text._localeconv_r
                0x08008328        0x8 g:/program files (x86)/gnu tools arm embedded/5.2 2015q4/bin/../lib/gcc/arm-none-eabi/5.2.1/../../../../arm-none-eabi/lib/armv7e-m\libg.a(lib_a-locale.o)
                0x08008328                _localeconv_r
 .text.__smakebuf_r
                0x08008330       0xe0 g:/program files (x86)/gnu tools arm embedded/5.2 2015q4/bin/../lib/gcc/arm-none-eabi/5.2.1/../../../../arm-none-eabi/lib/armv7e-m\libg.a(lib_a-makebuf.o)
                0x08008330                __smakebuf_r
 .text          0x08008410       0xa0 g:/program files (x86)/gnu tools arm embedded/5.2 2015q4/bin/../lib/gcc/arm-none-eabi/5.2.1/../../../../arm-none-eabi/lib/armv7e-m\libg.a(lib_a-memchr.o)
                0x08008410                memchr
 .text          0x080084b0      0x134 g:/program files (x86)/gnu tools arm embedded/5.2 2015q4/bin/../lib/gcc/arm-none-eabi/5.2.1/../../../../arm-none-eabi/lib/armv7e-m\libg.a(lib_a-memcpy.o)
                0x080084b0                memcpy
 .text.memset   0x080085e4       0x9c g:/program files (x86)/gnu tools arm embedded/5.2 2015q4/bin/../lib/gcc/arm-none-eabi/5.2.1/../../../../arm-none-eabi/lib/armv7e-m\libg.a(lib_a-memset.o)
                0x080085e4                memset
 .text._Balloc  0x08008680       0x4c g:/program files (x86)/gnu tools arm embedded/5.2 2015q4/bin/../lib/gcc/arm-none-eabi/5.2.1/../../../../arm-none-eabi/lib/armv7e-m\libg.a(lib_a-mprec.o)
                0x08008680                _Balloc
 .text._Bfree   0x080086cc       0x14 g:/program files (x86)/gnu tools arm embedded/5.2 2015q4/bin/../lib/gcc/arm-none-eabi/5.2.1/../../../../arm-none-eabi/lib/armv7e-m\libg.a(lib_a-mprec.o)
                0x080086cc                _Bfree
 .text.__multadd
                0x080086e0       0x80 g:/program files (x86)/gnu tools arm embedded/5.2 2015q4/bin/../lib/gcc/arm-none-eabi/5.2.1/../../../../arm-none-eabi/lib/armv7e-m\libg.a(lib_a-mprec.o)
                0x080086e0                __multadd
 .text.__hi0bits
                0x08008760       0x40 g:/program files (x86)/gnu tools arm embedded/5.2 2015q4/bin/../lib/gcc/arm-none-eabi/5.2.1/../../../../arm-none-eabi/lib/armv7e-m\libg.a(lib_a-mprec.o)
                0x08008760                __hi0bits
 .text.__lo0bits
                0x080087a0       0x5c g:/program files (x86)/gnu tools arm embedded/5.2 2015q4/bin/../lib/gcc/arm-none-eabi/5.2.1/../../../../arm-none-eabi/lib/armv7e-m\libg.a(lib_a-mprec.o)
                0x080087a0                __lo0bits
 .text.__i2b    0x080087fc       0x14 g:/program files (x86)/gnu tools arm embedded/5.2 2015q4/bin/../lib/gcc/arm-none-eabi/5.2.1/../../../../arm-none-eabi/lib/armv7e-m\libg.a(lib_a-mprec.o)
                0x080087fc                __i2b
 .text.__multiply
                0x08008810      0x130 g:/program files (x86)/gnu tools arm embedded/5.2 2015q4/bin/../lib/gcc/arm-none-eabi/5.2.1/../../../../arm-none-eabi/lib/armv7e-m\libg.a(lib_a-mprec.o)
                0x08008810                __multiply
 .text.__pow5mult
                0x08008940       0xa0 g:/program files (x86)/gnu tools arm embedded/5.2 2015q4/bin/../lib/gcc/arm-none-eabi/5.2.1/../../../../arm-none-eabi/lib/armv7e-m\libg.a(lib_a-mprec.o)
                0x08008940                __pow5mult
 .text.__lshift
                0x080089e0       0xb0 g:/program files (x86)/gnu tools arm embedded/5.2 2015q4/bin/../lib/gcc/arm-none-eabi/5.2.1/../../../../arm-none-eabi/lib/armv7e-m\libg.a(lib_a-mprec.o)
                0x080089e0                __lshift
 .text.__mcmp   0x08008a90       0x40 g:/program files (x86)/gnu tools arm embedded/5.2 2015q4/bin/../lib/gcc/arm-none-eabi/5.2.1/../../../../arm-none-eabi/lib/armv7e-m\libg.a(lib_a-mprec.o)
                0x08008a90                __mcmp
 .text.__mdiff  0x08008ad0      0x114 g:/program files (x86)/gnu tools arm embedded/5.2 2015q4/bin/../lib/gcc/arm-none-eabi/5.2.1/../../../../arm-none-eabi/lib/armv7e-m\libg.a(lib_a-mprec.o)
                0x08008ad0                __mdiff
 .text.__d2b    0x08008be4       0xb8 g:/program files (x86)/gnu tools arm embedded/5.2 2015q4/bin/../lib/gcc/arm-none-eabi/5.2.1/../../../../arm-none-eabi/lib/armv7e-m\libg.a(lib_a-mprec.o)
                0x08008be4                __d2b
 .text.__fpclassifyd
                0x08008c9c       0x54 g:/program files (x86)/gnu tools arm embedded/5.2 2015q4/bin/../lib/gcc/arm-none-eabi/5.2.1/../../../../arm-none-eabi/lib/armv7e-m\libg.a(lib_a-s_fpclassify.o)
                0x08008c9c                __fpclassifyd
 .text.__sread  0x08008cf0       0x24 g:/program files (x86)/gnu tools arm embedded/5.2 2015q4/bin/../lib/gcc/arm-none-eabi/5.2.1/../../../../arm-none-eabi/lib/armv7e-m\libg.a(lib_a-stdio.o)
                0x08008cf0                __sread
 .text.__swrite
                0x08008d14       0x38 g:/program files (x86)/gnu tools arm embedded/5.2 2015q4/bin/../lib/gcc/arm-none-eabi/5.2.1/../../../../arm-none-eabi/lib/armv7e-m\libg.a(lib_a-stdio.o)
                0x08008d14                __swrite
 .text.__sseek  0x08008d4c       0x20 g:/program files (x86)/gnu tools arm embedded/5.2 2015q4/bin/../lib/gcc/arm-none-eabi/5.2.1/../../../../arm-none-eabi/lib/armv7e-m\libg.a(lib_a-stdio.o)
                0x08008d4c                __sseek
 .text.__sclose
                0x08008d6c        0x8 g:/program files (x86)/gnu tools arm embedded/5.2 2015q4/bin/../lib/gcc/arm-none-eabi/5.2.1/../../../../arm-none-eabi/lib/armv7e-m\libg.a(lib_a-stdio.o)
                0x08008d6c                __sclose
 .text.__sprint_r.part.0
                0x08008d74       0x78 g:/program files (x86)/gnu tools arm embedded/5.2 2015q4/bin/../lib/gcc/arm-none-eabi/5.2.1/../../../../arm-none-eabi/lib/armv7e-m\libg.a(lib_a-vfiprintf.o)
 .text.__sprint_r
                0x08008dec       0x14 g:/program files (x86)/gnu tools arm embedded/5.2 2015q4/bin/../lib/gcc/arm-none-eabi/5.2.1/../../../../arm-none-eabi/lib/armv7e-m\libg.a(lib_a-vfiprintf.o)
                0x08008dec                __sprint_r
 .text._write_r
                0x08008e00       0x2c g:/program files (x86)/gnu tools arm embedded/5.2 2015q4/bin/../lib/gcc/arm-none-eabi/5.2.1/../../../../arm-none-eabi/lib/armv7e-m\libg.a(lib_a-writer.o)
                0x08008e00                _write_r
 .text._calloc_r
                0x08008e2c       0x60 g:/program files (x86)/gnu tools arm embedded/5.2 2015q4/bin/../lib/gcc/arm-none-eabi/5.2.1/../../../../arm-none-eabi/lib/armv7e-m\libg.a(lib_a-callocr.o)
                0x08008e2c                _calloc_r
 .text._close_r
                0x08008e8c       0x24 g:/program files (x86)/gnu tools arm embedded/5.2 2015q4/bin/../lib/gcc/arm-none-eabi/5.2.1/../../../../arm-none-eabi/lib/armv7e-m\libg.a(lib_a-closer.o)
                0x08008e8c                _close_r
 .text._fclose_r
                0x08008eb0       0x84 g:/program files (x86)/gnu tools arm embedded/5.2 2015q4/bin/../lib/gcc/arm-none-eabi/5.2.1/../../../../arm-none-eabi/lib/armv7e-m\libg.a(lib_a-fclose.o)
                0x08008eb0                _fclose_r
 .text.__fputwc
                0x08008f34       0xb0 g:/program files (x86)/gnu tools arm embedded/5.2 2015q4/bin/../lib/gcc/arm-none-eabi/5.2.1/../../../../arm-none-eabi/lib/armv7e-m\libg.a(lib_a-fputwc.o)
                0x08008f34                __fputwc
 .text._fputwc_r
                0x08008fe4       0x24 g:/program files (x86)/gnu tools arm embedded/5.2 2015q4/bin/../lib/gcc/arm-none-eabi/5.2.1/../../../../arm-none-eabi/lib/armv7e-m\libg.a(lib_a-fputwc.o)
                0x08008fe4                _fputwc_r
 .text._fstat_r
                0x08009008       0x28 g:/program files (x86)/gnu tools arm embedded/5.2 2015q4/bin/../lib/gcc/arm-none-eabi/5.2.1/../../../../arm-none-eabi/lib/armv7e-m\libg.a(lib_a-fstatr.o)
                0x08009008                _fstat_r
 .text.__sfvwrite_r
                0x08009030      0x300 g:/program files (x86)/gnu tools arm embedded/5.2 2015q4/bin/../lib/gcc/arm-none-eabi/5.2.1/../../../../arm-none-eabi/lib/armv7e-m\libg.a(lib_a-fvwrite.o)
                0x08009030                __sfvwrite_r
 .text._isatty_r
                0x08009330       0x24 g:/program files (x86)/gnu tools arm embedded/5.2 2015q4/bin/../lib/gcc/arm-none-eabi/5.2.1/../../../../arm-none-eabi/lib/armv7e-m\libg.a(lib_a-isattyr.o)
                0x08009330                _isatty_r
 .text._lseek_r
                0x08009354       0x2c g:/program files (x86)/gnu tools arm embedded/5.2 2015q4/bin/../lib/gcc/arm-none-eabi/5.2.1/../../../../arm-none-eabi/lib/armv7e-m\libg.a(lib_a-lseekr.o)
                0x08009354                _lseek_r
 .text.memmove  0x08009380       0xc8 g:/program files (x86)/gnu tools arm embedded/5.2 2015q4/bin/../lib/gcc/arm-none-eabi/5.2.1/../../../../arm-none-eabi/lib/armv7e-m\libg.a(lib_a-memmove.o)
                0x08009380                memmove
 .text._read_r  0x08009448       0x2c g:/program files (x86)/gnu tools arm embedded/5.2 2015q4/bin/../lib/gcc/arm-none-eabi/5.2.1/../../../../arm-none-eabi/lib/armv7e-m\libg.a(lib_a-readr.o)
                0x08009448                _read_r
 .text._realloc_r
                0x08009474      0x3e0 g:/program files (x86)/gnu tools arm embedded/5.2 2015q4/bin/../lib/gcc/arm-none-eabi/5.2.1/../../../../arm-none-eabi/lib/armv7e-m\libg.a(lib_a-reallocr.o)
                0x08009474                _realloc_r
 .text.__swbuf_r
                0x08009854       0xa8 g:/program files (x86)/gnu tools arm embedded/5.2 2015q4/bin/../lib/gcc/arm-none-eabi/5.2.1/../../../../arm-none-eabi/lib/armv7e-m\libg.a(lib_a-wbuf.o)
                0x08009854                __swbuf_r
 .text._wcrtomb_r
                0x080098fc       0x54 g:/program files (x86)/gnu tools arm embedded/5.2 2015q4/bin/../lib/gcc/arm-none-eabi/5.2.1/../../../../arm-none-eabi/lib/armv7e-m\libg.a(lib_a-wcrtomb.o)
                0x080098fc                _wcrtomb_r
 .text.__ascii_wctomb
                0x08009950       0x1c g:/program files (x86)/gnu tools arm embedded/5.2 2015q4/bin/../lib/gcc/arm-none-eabi/5.2.1/../../../../arm-none-eabi/lib/armv7e-m\libg.a(lib_a-wctomb_r.o)
                0x08009950                __ascii_wctomb
 .text          0x0800996c       0x50 g:/program files (x86)/gnu tools arm embedded/5.2 2015q4/bin/../lib/gcc/arm-none-eabi/5.2.1/armv7e-m\libgcc.a(_arm_fixdfsi.o)
                0x0800996c                __aeabi_d2iz
                0x0800996c                __fixdfsi
 .text          0x080099bc       0x30 g:/program files (x86)/gnu tools arm embedded/5.2 2015q4/bin/../lib/gcc/arm-none-eabi/5.2.1/armv7e-m\libgcc.a(_aeabi_uldivmod.o)
                0x080099bc                __aeabi_uldivmod
 .text          0x080099ec      0x2e4 g:/program files (x86)/gnu tools arm embedded/5.2 2015q4/bin/../lib/gcc/arm-none-eabi/5.2.1/armv7e-m\libgcc.a(_udivmoddi4.o)
                0x080099ec                __udivmoddi4
 .text          0x08009cd0        0x4 g:/program files (x86)/gnu tools arm embedded/5.2 2015q4/bin/../lib/gcc/arm-none-eabi/5.2.1/armv7e-m\libgcc.a(_dvmd_tls.o)
                0x08009cd0                __aeabi_idiv0
                0x08009cd0                __aeabi_ldiv0
 *(.init)
 *(.fini)
 *crtbegin.o(.ctors)
 *crtbegin?.o(.ctors)
 *(EXCLUDE_FILE(*crtend.o *crtend?.o) .ctors)
 *(SORT(.ctors.*))
 *(.ctors)
 *crtbegin.o(.dtors)
 *crtbegin?.o(.dtors)
 *(EXCLUDE_FILE(*crtend.o *crtend?.o) .dtors)
 *(SORT(.dtors.*))
 *(.dtors)
 *(.rodata*)
 .rodata        0x08009cd4       0x3c ..\obj\main.o
 .rodata        0x08009d10       0x14 ..\obj\tm_stm32f4_dma.o
 .rodata        0x08009d24       0xea ..\obj\ff.o
 *fill*         0x08009e0e        0x2 
 .rodata.zeroes.7023
                0x08009e10       0x10 g:/program files (x86)/gnu tools arm embedded/5.2 2015q4/bin/../lib/gcc/arm-none-eabi/5.2.1/../../../../arm-none-eabi/lib/armv7e-m\libg.a(lib_a-vfprintf.o)
 .rodata.blanks.7022
                0x08009e20       0x10 g:/program files (x86)/gnu tools arm embedded/5.2 2015q4/bin/../lib/gcc/arm-none-eabi/5.2.1/../../../../arm-none-eabi/lib/armv7e-m\libg.a(lib_a-vfprintf.o)
 .rodata.str1.4
                0x08009e30       0x42 g:/program files (x86)/gnu tools arm embedded/5.2 2015q4/bin/../lib/gcc/arm-none-eabi/5.2.1/../../../../arm-none-eabi/lib/armv7e-m\libg.a(lib_a-vfprintf.o)
 *fill*         0x08009e72        0x2 
 .rodata.str1.4
                0x08009e74       0x10 g:/program files (x86)/gnu tools arm embedded/5.2 2015q4/bin/../lib/gcc/arm-none-eabi/5.2.1/../../../../arm-none-eabi/lib/armv7e-m\libg.a(lib_a-dtoa.o)
                                 0x12 (size before relaxing)
 .rodata.str1.4
                0x08009e84        0x2 g:/program files (x86)/gnu tools arm embedded/5.2 2015q4/bin/../lib/gcc/arm-none-eabi/5.2.1/../../../../arm-none-eabi/lib/armv7e-m\libg.a(lib_a-impure.o)
 *fill*         0x08009e86        0x2 
 .rodata.str1.4
                0x08009e88        0xc g:/program files (x86)/gnu tools arm embedded/5.2 2015q4/bin/../lib/gcc/arm-none-eabi/5.2.1/../../../../arm-none-eabi/lib/armv7e-m\libg.a(lib_a-locale.o)
                                 0x12 (size before relaxing)
 .rodata.p05.5402
                0x08009e94        0xc g:/program files (x86)/gnu tools arm embedded/5.2 2015q4/bin/../lib/gcc/arm-none-eabi/5.2.1/../../../../arm-none-eabi/lib/armv7e-m\libg.a(lib_a-mprec.o)
 .rodata.__mprec_tens
                0x08009ea0       0xc8 g:/program files (x86)/gnu tools arm embedded/5.2 2015q4/bin/../lib/gcc/arm-none-eabi/5.2.1/../../../../arm-none-eabi/lib/armv7e-m\libg.a(lib_a-mprec.o)
                0x08009ea0                __mprec_tens
 .rodata.__mprec_bigtens
                0x08009f68       0x28 g:/program files (x86)/gnu tools arm embedded/5.2 2015q4/bin/../lib/gcc/arm-none-eabi/5.2.1/../../../../arm-none-eabi/lib/armv7e-m\libg.a(lib_a-mprec.o)
                0x08009f68                __mprec_bigtens
 *(.eh_fram e*)

.glue_7         0x08009f90        0x0
 .glue_7        0x08009f90        0x0 linker stubs

.glue_7t        0x08009f90        0x0
 .glue_7t       0x08009f90        0x0 linker stubs

.vfp11_veneer   0x08009f90        0x0
 .vfp11_veneer  0x08009f90        0x0 linker stubs

.v4_bx          0x08009f90        0x0
 .v4_bx         0x08009f90        0x0 linker stubs

.iplt           0x08009f90        0x0
 .iplt          0x08009f90        0x0 ..\obj\tm_stm32f4_fatfs.o

.ARM.extab
 *(.ARM.extab* .gnu.linkonce.armextab.*)
                0x08009f90                __exidx_start = .

.ARM.exidx      0x08009f90        0x8
 *(.ARM.exidx* .gnu.linkonce.armexidx.*)
 .ARM.exidx     0x08009f90        0x8 g:/program files (x86)/gnu tools arm embedded/5.2 2015q4/bin/../lib/gcc/arm-none-eabi/5.2.1/armv7e-m\libgcc.a(_udivmoddi4.o)
                0x08009f98                __exidx_end = .
                0x08009f98                __etext = .
                0x08009f98                _sidata = __etext

.rel.dyn        0x08009f98        0x0
 .rel.iplt      0x08009f98        0x0 ..\obj\tm_stm32f4_fatfs.o

.data           0x20000000      0x964 load address 0x08009f98
                0x20000000                __data_start__ = .
                0x20000000                _sdata = __data_start__
 *(vtable)
 *(.data*)
 .data          0x20000000       0xb4 ..\obj\diskio.o
                0x20000000                FATFS_LowLevelDrivers
 .data          0x200000b4       0x10 ..\obj\stm32f4xx_rcc.o
 .data          0x200000c4        0x1 ..\obj\fatfs_sd.o
 *fill*         0x200000c5        0x3 
 .data.__malloc_av_
                0x200000c8      0x408 g:/program files (x86)/gnu tools arm embedded/5.2 2015q4/bin/../lib/gcc/arm-none-eabi/5.2.1/../../../../arm-none-eabi/lib/armv7e-m\libg.a(lib_a-mallocr.o)
                0x200000c8                __malloc_av_
 .data.__malloc_trim_threshold
                0x200004d0        0x4 g:/program files (x86)/gnu tools arm embedded/5.2 2015q4/bin/../lib/gcc/arm-none-eabi/5.2.1/../../../../arm-none-eabi/lib/armv7e-m\libg.a(lib_a-mallocr.o)
                0x200004d0                __malloc_trim_threshold
 .data.__malloc_sbrk_base
                0x200004d4        0x4 g:/program files (x86)/gnu tools arm embedded/5.2 2015q4/bin/../lib/gcc/arm-none-eabi/5.2.1/../../../../arm-none-eabi/lib/armv7e-m\libg.a(lib_a-mallocr.o)
                0x200004d4                __malloc_sbrk_base
 .data.impure_data
                0x200004d8      0x428 g:/program files (x86)/gnu tools arm embedded/5.2 2015q4/bin/../lib/gcc/arm-none-eabi/5.2.1/../../../../arm-none-eabi/lib/armv7e-m\libg.a(lib_a-impure.o)
 .data._impure_ptr
                0x20000900        0x4 g:/program files (x86)/gnu tools arm embedded/5.2 2015q4/bin/../lib/gcc/arm-none-eabi/5.2.1/../../../../arm-none-eabi/lib/armv7e-m\libg.a(lib_a-impure.o)
                0x20000900                _impure_ptr
 .data.lconv    0x20000904       0x38 g:/program files (x86)/gnu tools arm embedded/5.2 2015q4/bin/../lib/gcc/arm-none-eabi/5.2.1/../../../../arm-none-eabi/lib/armv7e-m\libg.a(lib_a-locale.o)
 .data.lc_ctype_charset
                0x2000093c       0x20 g:/program files (x86)/gnu tools arm embedded/5.2 2015q4/bin/../lib/gcc/arm-none-eabi/5.2.1/../../../../arm-none-eabi/lib/armv7e-m\libg.a(lib_a-locale.o)
 .data.__mb_cur_max
                0x2000095c        0x4 g:/program files (x86)/gnu tools arm embedded/5.2 2015q4/bin/../lib/gcc/arm-none-eabi/5.2.1/../../../../arm-none-eabi/lib/armv7e-m\libg.a(lib_a-locale.o)
                0x2000095c                __mb_cur_max
 .data.__wctomb
                0x20000960        0x4 g:/program files (x86)/gnu tools arm embedded/5.2 2015q4/bin/../lib/gcc/arm-none-eabi/5.2.1/../../../../arm-none-eabi/lib/armv7e-m\libg.a(lib_a-wctomb_r.o)
                0x20000960                __wctomb
                0x20000964                . = ALIGN (0x4)
                [!provide]                PROVIDE (__preinit_array_start, .)
 *(.preinit_array)
                [!provide]                PROVIDE (__preinit_array_end, .)
                0x20000964                . = ALIGN (0x4)
                [!provide]                PROVIDE (__init_array_start, .)
 *(SORT(.init_array.*))
 *(.init_array)
                [!provide]                PROVIDE (__init_array_end, .)
                0x20000964                . = ALIGN (0x4)
                [!provide]                PROVIDE (__fini_array_start, .)
 *(SORT(.fini_array.*))
 *(.fini_array)
                [!provide]                PROVIDE (__fini_array_end, .)
 *(.jcr*)
                0x20000964                . = ALIGN (0x4)
                0x20000964                __data_end__ = .
                0x20000964                _edata = __data_end__

.igot.plt       0x20000964        0x0 load address 0x0800a8fc
 .igot.plt      0x20000964        0x0 ..\obj\tm_stm32f4_fatfs.o

.bss            0x20000964       0xa4 load address 0x0800a8fc
                0x20000964                . = ALIGN (0x4)
                0x20000964                __bss_start__ = .
                0x20000964                _sbss = __bss_start__
 *(.bss*)
 .bss           0x20000964        0x1 ..\obj\fatfs_sd.o
 *fill*         0x20000965        0x3 
 .bss           0x20000968       0x28 ..\obj\tm_stm32f4_delay.o
                0x20000968                TM_TimingDelay
                0x2000096c                TM_Time
                0x20000970                TM_Time2
                0x20000974                TM_DELAY_Initialized
 .bss           0x20000990       0x27 ..\obj\ff.o
 *fill*         0x200009b7        0x1 
 .bss           0x200009b8       0x16 ..\obj\tm_stm32f4_gpio.o
 *fill*         0x200009ce        0x2 
 .bss.__malloc_max_total_mem
                0x200009d0        0x4 g:/program files (x86)/gnu tools arm embedded/5.2 2015q4/bin/../lib/gcc/arm-none-eabi/5.2.1/../../../../arm-none-eabi/lib/armv7e-m\libg.a(lib_a-mallocr.o)
                0x200009d0                __malloc_max_total_mem
 .bss.__malloc_max_sbrked_mem
                0x200009d4        0x4 g:/program files (x86)/gnu tools arm embedded/5.2 2015q4/bin/../lib/gcc/arm-none-eabi/5.2.1/../../../../arm-none-eabi/lib/armv7e-m\libg.a(lib_a-mallocr.o)
                0x200009d4                __malloc_max_sbrked_mem
 .bss.__malloc_top_pad
                0x200009d8        0x4 g:/program files (x86)/gnu tools arm embedded/5.2 2015q4/bin/../lib/gcc/arm-none-eabi/5.2.1/../../../../arm-none-eabi/lib/armv7e-m\libg.a(lib_a-mallocr.o)
                0x200009d8                __malloc_top_pad
 .bss.__malloc_current_mallinfo
                0x200009dc       0x28 g:/program files (x86)/gnu tools arm embedded/5.2 2015q4/bin/../lib/gcc/arm-none-eabi/5.2.1/../../../../arm-none-eabi/lib/armv7e-m\libg.a(lib_a-mallocr.o)
                0x200009dc                __malloc_current_mallinfo
 *(COMMON)
 COMMON         0x20000a04        0x4 g:/program files (x86)/gnu tools arm embedded/5.2 2015q4/bin/../lib/gcc/arm-none-eabi/5.2.1/../../../../arm-none-eabi/lib/armv7e-m\libg.a(lib_a-reent.o)
                0x20000a04                errno
                0x20000a08                . = ALIGN (0x4)
                0x20000a08                __bss_end__ = .
                0x20000a08                _ebss = __bss_end__

.heap           0x20000a08        0x0
                0x20000a08                __end__ = .
                0x20000a08                _end = __end__
                0x20000a08                end = __end__
 *(.heap*)
                0x20000a08                __HeapLimit = .

.co_stack       0x20000a08      0x800 load address 0x0800a9a0
                0x20000a08                . = ALIGN (0x8)
 *(.co_stack .co_stack.*)
 .co_stack      0x20000a08      0x800 ..\obj\startup_stm32f4xx.o
                0x20000a08                pulStack
                0x20020000                __StackTop = (ORIGIN (ram) + LENGTH (ram))
                0x2001f800                __StackLimit = (__StackTop - SIZEOF (.co_stack))
                [!provide]                PROVIDE (__stack, __StackTop)
                0x00000001                ASSERT ((__StackLimit >= __HeapLimit), region ram  overflowed with stack)
LOAD ..\obj\tm_stm32f4_fatfs.o
LOAD ..\obj\unicode.o
LOAD ..\obj\stm32f4xx_syscfg.o
LOAD ..\obj\tm_stm32f4_spi_dma.o
LOAD ..\obj\diskio.o
LOAD ..\obj\startup_stm32f4xx.o
LOAD ..\obj\main.o
LOAD ..\obj\stm32f4xx_rcc.o
LOAD ..\obj\tm_stm32f4_dma.o
LOAD ..\obj\fatfs_sd.o
LOAD ..\obj\tm_stm32f4_delay.o
LOAD ..\obj\syscall.o
LOAD ..\obj\tm_stm32f4_spi.o
LOAD ..\obj\stm32f4xx_gpio.o
LOAD ..\obj\system_stm32f4xx.o
LOAD ..\obj\stm32f4xx_dma.o
LOAD ..\obj\ff.o
LOAD ..\obj\stm32f4xx_spi.o
LOAD ..\obj\stm32f4xx_exti.o
LOAD ..\obj\misc.o
LOAD ..\obj\tm_stm32f4_gpio.o
LOAD ..\obj\tm_stm32f4_timer_properties.o
LOAD ..\obj\tm_stm32f4_fonts.o
LOAD ..\obj\stm32f4xx_tim.o
START GROUP
LOAD g:/program files (x86)/gnu tools arm embedded/5.2 2015q4/bin/../lib/gcc/arm-none-eabi/5.2.1/armv7e-m\libgcc.a
LOAD g:/program files (x86)/gnu tools arm embedded/5.2 2015q4/bin/../lib/gcc/arm-none-eabi/5.2.1/../../../../arm-none-eabi/lib/armv7e-m\libg.a
LOAD g:/program files (x86)/gnu tools arm embedded/5.2 2015q4/bin/../lib/gcc/arm-none-eabi/5.2.1/../../../../arm-none-eabi/lib/armv7e-m\libc.a
END GROUP
OUTPUT(kartav2.elf elf32-littlearm)

.debug_info     0x00000000     0xaa0c
 .debug_info    0x00000000      0x89f ..\obj\diskio.o
 .debug_info    0x0000089f       0xed ..\obj\startup_stm32f4xx.o
 .debug_info    0x0000098c      0x604 ..\obj\main.o
 .debug_info    0x00000f90      0xe54 ..\obj\stm32f4xx_rcc.o
 .debug_info    0x00001de4      0x925 ..\obj\tm_stm32f4_dma.o
 .debug_info    0x00002709      0x8a7 ..\obj\fatfs_sd.o
 .debug_info    0x00002fb0      0x9e3 ..\obj\tm_stm32f4_delay.o
 .debug_info    0x00003993      0xa95 ..\obj\tm_stm32f4_spi.o
 .debug_info    0x00004428      0x596 ..\obj\system_stm32f4xx.o
 .debug_info    0x000049be     0x2137 ..\obj\ff.o
 .debug_info    0x00006af5      0xc3a ..\obj\stm32f4xx_spi.o
 .debug_info    0x0000772f      0x582 ..\obj\misc.o
 .debug_info    0x00007cb1      0x82d ..\obj\tm_stm32f4_gpio.o
 .debug_info    0x000084de      0x481 ..\obj\tm_stm32f4_timer_properties.o
 .debug_info    0x0000895f     0x20ad ..\obj\stm32f4xx_tim.o

.debug_abbrev   0x00000000     0x18db
 .debug_abbrev  0x00000000      0x1ab ..\obj\diskio.o
 .debug_abbrev  0x000001ab       0xb0 ..\obj\startup_stm32f4xx.o
 .debug_abbrev  0x0000025b      0x17d ..\obj\main.o
 .debug_abbrev  0x000003d8      0x1f9 ..\obj\stm32f4xx_rcc.o
 .debug_abbrev  0x000005d1      0x206 ..\obj\tm_stm32f4_dma.o
 .debug_abbrev  0x000007d7      0x28c ..\obj\fatfs_sd.o
 .debug_abbrev  0x00000a63      0x260 ..\obj\tm_stm32f4_delay.o
 .debug_abbrev  0x00000cc3      0x1e6 ..\obj\tm_stm32f4_spi.o
 .debug_abbrev  0x00000ea9      0x138 ..\obj\system_stm32f4xx.o
 .debug_abbrev  0x00000fe1      0x209 ..\obj\ff.o
 .debug_abbrev  0x000011ea      0x199 ..\obj\stm32f4xx_spi.o
 .debug_abbrev  0x00001383      0x15d ..\obj\misc.o
 .debug_abbrev  0x000014e0      0x151 ..\obj\tm_stm32f4_gpio.o
 .debug_abbrev  0x00001631      0x10b ..\obj\tm_stm32f4_timer_properties.o
 .debug_abbrev  0x0000173c      0x19f ..\obj\stm32f4xx_tim.o

.debug_aranges  0x00000000      0xcc0
 .debug_aranges
                0x00000000      0x118 ..\obj\diskio.o
 .debug_aranges
                0x00000118       0x28 ..\obj\startup_stm32f4xx.o
 .debug_aranges
                0x00000140       0x38 ..\obj\main.o
 .debug_aranges
                0x00000178      0x178 ..\obj\stm32f4xx_rcc.o
 .debug_aranges
                0x000002f0       0xf8 ..\obj\tm_stm32f4_dma.o
 .debug_aranges
                0x000003e8       0xb0 ..\obj\fatfs_sd.o
 .debug_aranges
                0x00000498       0x78 ..\obj\tm_stm32f4_delay.o
 .debug_aranges
                0x00000510       0x98 ..\obj\tm_stm32f4_spi.o
 .debug_aranges
                0x000005a8       0x30 ..\obj\system_stm32f4xx.o
 .debug_aranges
                0x000005d8      0x200 ..\obj\ff.o
 .debug_aranges
                0x000007d8       0xe0 ..\obj\stm32f4xx_spi.o
 .debug_aranges
                0x000008b8       0x40 ..\obj\misc.o
 .debug_aranges
                0x000008f8       0x98 ..\obj\tm_stm32f4_gpio.o
 .debug_aranges
                0x00000990       0x38 ..\obj\tm_stm32f4_timer_properties.o
 .debug_aranges
                0x000009c8      0x2f8 ..\obj\stm32f4xx_tim.o

.debug_ranges   0x00000000      0xbd0
 .debug_ranges  0x00000000      0x108 ..\obj\diskio.o
 .debug_ranges  0x00000108       0x18 ..\obj\startup_stm32f4xx.o
 .debug_ranges  0x00000120       0x28 ..\obj\main.o
 .debug_ranges  0x00000148      0x168 ..\obj\stm32f4xx_rcc.o
 .debug_ranges  0x000002b0       0xe8 ..\obj\tm_stm32f4_dma.o
 .debug_ranges  0x00000398       0xa0 ..\obj\fatfs_sd.o
 .debug_ranges  0x00000438       0x68 ..\obj\tm_stm32f4_delay.o
 .debug_ranges  0x000004a0       0x88 ..\obj\tm_stm32f4_spi.o
 .debug_ranges  0x00000528       0x20 ..\obj\system_stm32f4xx.o
 .debug_ranges  0x00000548      0x1f0 ..\obj\ff.o
 .debug_ranges  0x00000738       0xd0 ..\obj\stm32f4xx_spi.o
 .debug_ranges  0x00000808       0x30 ..\obj\misc.o
 .debug_ranges  0x00000838       0x88 ..\obj\tm_stm32f4_gpio.o
 .debug_ranges  0x000008c0       0x28 ..\obj\tm_stm32f4_timer_properties.o
 .debug_ranges  0x000008e8      0x2e8 ..\obj\stm32f4xx_tim.o

.debug_line     0x00000000     0x8a54
 .debug_line    0x00000000      0x442 ..\obj\diskio.o
 .debug_line    0x00000442       0xbf ..\obj\startup_stm32f4xx.o
 .debug_line    0x00000501      0x2c1 ..\obj\main.o
 .debug_line    0x000007c2      0xe8b ..\obj\stm32f4xx_rcc.o
 .debug_line    0x0000164d      0x4c2 ..\obj\tm_stm32f4_dma.o
 .debug_line    0x00001b0f      0x61b ..\obj\fatfs_sd.o
 .debug_line    0x0000212a      0x40d ..\obj\tm_stm32f4_delay.o
 .debug_line    0x00002537      0x53d ..\obj\tm_stm32f4_spi.o
 .debug_line    0x00002a74      0x23e ..\obj\system_stm32f4xx.o
 .debug_line    0x00002cb2     0x1444 ..\obj\ff.o
 .debug_line    0x000040f6      0xcc6 ..\obj\stm32f4xx_spi.o
 .debug_line    0x00004dbc      0x379 ..\obj\misc.o
 .debug_line    0x00005135      0x420 ..\obj\tm_stm32f4_gpio.o
 .debug_line    0x00005555      0x347 ..\obj\tm_stm32f4_timer_properties.o
 .debug_line    0x0000589c     0x31b8 ..\obj\stm32f4xx_tim.o

.debug_str      0x00000000     0x3a91
 .debug_str     0x00000000      0x559 ..\obj\diskio.o
                                0x5f3 (size before relaxing)
 .debug_str     0x00000559       0xce ..\obj\startup_stm32f4xx.o
                                0x165 (size before relaxing)
 .debug_str     0x00000627      0x38c ..\obj\main.o
                                0x5e2 (size before relaxing)
 .debug_str     0x000009b3      0x6bb ..\obj\stm32f4xx_rcc.o
                                0x866 (size before relaxing)
 .debug_str     0x0000106e      0x940 ..\obj\tm_stm32f4_dma.o
                                0xafd (size before relaxing)
 .debug_str     0x000019ae      0x2eb ..\obj\fatfs_sd.o
                                0x630 (size before relaxing)
 .debug_str     0x00001c99      0x351 ..\obj\tm_stm32f4_delay.o
                                0xb46 (size before relaxing)
 .debug_str     0x00001fea      0x315 ..\obj\tm_stm32f4_spi.o
                                0x763 (size before relaxing)
 .debug_str     0x000022ff      0x136 ..\obj\system_stm32f4xx.o
                                0x3c8 (size before relaxing)
 .debug_str     0x00002435      0x3cc ..\obj\ff.o
                                0x77b (size before relaxing)
 .debug_str     0x00002801      0x2f6 ..\obj\stm32f4xx_spi.o
                                0x6a0 (size before relaxing)
 .debug_str     0x00002af7      0x10c ..\obj\misc.o
                                0x3e4 (size before relaxing)
 .debug_str     0x00002c03      0x201 ..\obj\tm_stm32f4_gpio.o
                                0x5bb (size before relaxing)
 .debug_str     0x00002e04      0x203 ..\obj\tm_stm32f4_timer_properties.o
                                0x4f2 (size before relaxing)
 .debug_str     0x00003007      0xa8a ..\obj\stm32f4xx_tim.o
                                0xde6 (size before relaxing)

.comment        0x00000000       0x6e
 .comment       0x00000000       0x6e ..\obj\diskio.o
                                 0x6f (size before relaxing)
 .comment       0x0000006e       0x6f ..\obj\startup_stm32f4xx.o
 .comment       0x0000006e       0x6f ..\obj\main.o
 .comment       0x0000006e       0x6f ..\obj\stm32f4xx_rcc.o
 .comment       0x0000006e       0x6f ..\obj\tm_stm32f4_dma.o
 .comment       0x0000006e       0x6f ..\obj\fatfs_sd.o
 .comment       0x0000006e       0x6f ..\obj\tm_stm32f4_delay.o
 .comment       0x0000006e       0x6f ..\obj\tm_stm32f4_spi.o
 .comment       0x0000006e       0x6f ..\obj\system_stm32f4xx.o
 .comment       0x0000006e       0x6f ..\obj\ff.o
 .comment       0x0000006e       0x6f ..\obj\stm32f4xx_spi.o
 .comment       0x0000006e       0x6f ..\obj\misc.o
 .comment       0x0000006e       0x6f ..\obj\tm_stm32f4_gpio.o
 .comment       0x0000006e       0x6f ..\obj\tm_stm32f4_timer_properties.o
 .comment       0x0000006e       0x6f ..\obj\stm32f4xx_tim.o

.ARM.attributes
                0x00000000       0x31
 .ARM.attributes
                0x00000000       0x33 ..\obj\diskio.o
 .ARM.attributes
                0x00000033       0x33 ..\obj\startup_stm32f4xx.o
 .ARM.attributes
                0x00000066       0x33 ..\obj\main.o
 .ARM.attributes
                0x00000099       0x33 ..\obj\stm32f4xx_rcc.o
 .ARM.attributes
                0x000000cc       0x33 ..\obj\tm_stm32f4_dma.o
 .ARM.attributes
                0x000000ff       0x33 ..\obj\fatfs_sd.o
 .ARM.attributes
                0x00000132       0x33 ..\obj\tm_stm32f4_delay.o
 .ARM.attributes
                0x00000165       0x33 ..\obj\tm_stm32f4_spi.o
 .ARM.attributes
                0x00000198       0x33 ..\obj\system_stm32f4xx.o
 .ARM.attributes
                0x000001cb       0x33 ..\obj\ff.o
 .ARM.attributes
                0x000001fe       0x33 ..\obj\stm32f4xx_spi.o
 .ARM.attributes
                0x00000231       0x33 ..\obj\misc.o
 .ARM.attributes
                0x00000264       0x33 ..\obj\tm_stm32f4_gpio.o
 .ARM.attributes
                0x00000297       0x33 ..\obj\tm_stm32f4_timer_properties.o
 .ARM.attributes
                0x000002ca       0x33 ..\obj\stm32f4xx_tim.o
 .ARM.attributes
                0x000002fd       0x1e g:/program files (x86)/gnu tools arm embedded/5.2 2015q4/bin/../lib/gcc/arm-none-eabi/5.2.1/armv7e-m\libgcc.a(_arm_addsubdf3.o)
 .ARM.attributes
                0x0000031b       0x1e g:/program files (x86)/gnu tools arm embedded/5.2 2015q4/bin/../lib/gcc/arm-none-eabi/5.2.1/armv7e-m\libgcc.a(_arm_muldivdf3.o)
 .ARM.attributes
                0x00000339       0x1e g:/program files (x86)/gnu tools arm embedded/5.2 2015q4/bin/../lib/gcc/arm-none-eabi/5.2.1/armv7e-m\libgcc.a(_arm_cmpdf2.o)
 .ARM.attributes
                0x00000357       0x1e g:/program files (x86)/gnu tools arm embedded/5.2 2015q4/bin/../lib/gcc/arm-none-eabi/5.2.1/armv7e-m\libgcc.a(_arm_fixunsdfsi.o)
 .ARM.attributes
                0x00000375       0x2e g:/program files (x86)/gnu tools arm embedded/5.2 2015q4/bin/../lib/gcc/arm-none-eabi/5.2.1/../../../../arm-none-eabi/lib/armv7e-m\libg.a(lib_a-mallocr.o)
 .ARM.attributes
                0x000003a3       0x2e g:/program files (x86)/gnu tools arm embedded/5.2 2015q4/bin/../lib/gcc/arm-none-eabi/5.2.1/../../../../arm-none-eabi/lib/armv7e-m\libg.a(lib_a-mlock.o)
 .ARM.attributes
                0x000003d1       0x2e g:/program files (x86)/gnu tools arm embedded/5.2 2015q4/bin/../lib/gcc/arm-none-eabi/5.2.1/../../../../arm-none-eabi/lib/armv7e-m\libg.a(lib_a-printf.o)
 .ARM.attributes
                0x000003ff       0x2e g:/program files (x86)/gnu tools arm embedded/5.2 2015q4/bin/../lib/gcc/arm-none-eabi/5.2.1/../../../../arm-none-eabi/lib/armv7e-m\libg.a(lib_a-sbrkr.o)
 .ARM.attributes
                0x0000042d       0x1c g:/program files (x86)/gnu tools arm embedded/5.2 2015q4/bin/../lib/gcc/arm-none-eabi/5.2.1/../../../../arm-none-eabi/lib/armv7e-m\libg.a(lib_a-strlen.o)
 .ARM.attributes
                0x00000449       0x2e g:/program files (x86)/gnu tools arm embedded/5.2 2015q4/bin/../lib/gcc/arm-none-eabi/5.2.1/../../../../arm-none-eabi/lib/armv7e-m\libg.a(lib_a-vfprintf.o)
 .ARM.attributes
                0x00000477       0x2e g:/program files (x86)/gnu tools arm embedded/5.2 2015q4/bin/../lib/gcc/arm-none-eabi/5.2.1/../../../../arm-none-eabi/lib/armv7e-m\libg.a(lib_a-wsetup.o)
 .ARM.attributes
                0x000004a5       0x2e g:/program files (x86)/gnu tools arm embedded/5.2 2015q4/bin/../lib/gcc/arm-none-eabi/5.2.1/../../../../arm-none-eabi/lib/armv7e-m\libg.a(lib_a-dtoa.o)
 .ARM.attributes
                0x000004d3       0x2e g:/program files (x86)/gnu tools arm embedded/5.2 2015q4/bin/../lib/gcc/arm-none-eabi/5.2.1/../../../../arm-none-eabi/lib/armv7e-m\libg.a(lib_a-fflush.o)
 .ARM.attributes
                0x00000501       0x2e g:/program files (x86)/gnu tools arm embedded/5.2 2015q4/bin/../lib/gcc/arm-none-eabi/5.2.1/../../../../arm-none-eabi/lib/armv7e-m\libg.a(lib_a-findfp.o)
 .ARM.attributes
                0x0000052f       0x2e g:/program files (x86)/gnu tools arm embedded/5.2 2015q4/bin/../lib/gcc/arm-none-eabi/5.2.1/../../../../arm-none-eabi/lib/armv7e-m\libg.a(lib_a-freer.o)
 .ARM.attributes
                0x0000055d       0x2e g:/program files (x86)/gnu tools arm embedded/5.2 2015q4/bin/../lib/gcc/arm-none-eabi/5.2.1/../../../../arm-none-eabi/lib/armv7e-m\libg.a(lib_a-fwalk.o)
 .ARM.attributes
                0x0000058b       0x2e g:/program files (x86)/gnu tools arm embedded/5.2 2015q4/bin/../lib/gcc/arm-none-eabi/5.2.1/../../../../arm-none-eabi/lib/armv7e-m\libg.a(lib_a-impure.o)
 .ARM.attributes
                0x000005b9       0x2e g:/program files (x86)/gnu tools arm embedded/5.2 2015q4/bin/../lib/gcc/arm-none-eabi/5.2.1/../../../../arm-none-eabi/lib/armv7e-m\libg.a(lib_a-locale.o)
 .ARM.attributes
                0x000005e7       0x2e g:/program files (x86)/gnu tools arm embedded/5.2 2015q4/bin/../lib/gcc/arm-none-eabi/5.2.1/../../../../arm-none-eabi/lib/armv7e-m\libg.a(lib_a-makebuf.o)
 .ARM.attributes
                0x00000615       0x1c g:/program files (x86)/gnu tools arm embedded/5.2 2015q4/bin/../lib/gcc/arm-none-eabi/5.2.1/../../../../arm-none-eabi/lib/armv7e-m\libg.a(lib_a-memchr.o)
 .ARM.attributes
                0x00000631       0x1c g:/program files (x86)/gnu tools arm embedded/5.2 2015q4/bin/../lib/gcc/arm-none-eabi/5.2.1/../../../../arm-none-eabi/lib/armv7e-m\libg.a(lib_a-memcpy.o)
 .ARM.attributes
                0x0000064d       0x2e g:/program files (x86)/gnu tools arm embedded/5.2 2015q4/bin/../lib/gcc/arm-none-eabi/5.2.1/../../../../arm-none-eabi/lib/armv7e-m\libg.a(lib_a-memset.o)
 .ARM.attributes
                0x0000067b       0x2e g:/program files (x86)/gnu tools arm embedded/5.2 2015q4/bin/../lib/gcc/arm-none-eabi/5.2.1/../../../../arm-none-eabi/lib/armv7e-m\libg.a(lib_a-mprec.o)
 .ARM.attributes
                0x000006a9       0x2e g:/program files (x86)/gnu tools arm embedded/5.2 2015q4/bin/../lib/gcc/arm-none-eabi/5.2.1/../../../../arm-none-eabi/lib/armv7e-m\libg.a(lib_a-reent.o)
 .ARM.attributes
                0x000006d7       0x2e g:/program files (x86)/gnu tools arm embedded/5.2 2015q4/bin/../lib/gcc/arm-none-eabi/5.2.1/../../../../arm-none-eabi/lib/armv7e-m\libg.a(lib_a-s_fpclassify.o)
 .ARM.attributes
                0x00000705       0x2e g:/program files (x86)/gnu tools arm embedded/5.2 2015q4/bin/../lib/gcc/arm-none-eabi/5.2.1/../../../../arm-none-eabi/lib/armv7e-m\libg.a(lib_a-stdio.o)
 .ARM.attributes
                0x00000733       0x2e g:/program files (x86)/gnu tools arm embedded/5.2 2015q4/bin/../lib/gcc/arm-none-eabi/5.2.1/../../../../arm-none-eabi/lib/armv7e-m\libg.a(lib_a-vfiprintf.o)
 .ARM.attributes
                0x00000761       0x2e g:/program files (x86)/gnu tools arm embedded/5.2 2015q4/bin/../lib/gcc/arm-none-eabi/5.2.1/../../../../arm-none-eabi/lib/armv7e-m\libg.a(lib_a-writer.o)
 .ARM.attributes
                0x0000078f       0x2e g:/program files (x86)/gnu tools arm embedded/5.2 2015q4/bin/../lib/gcc/arm-none-eabi/5.2.1/../../../../arm-none-eabi/lib/armv7e-m\libg.a(lib_a-callocr.o)
 .ARM.attributes
                0x000007bd       0x2e g:/program files (x86)/gnu tools arm embedded/5.2 2015q4/bin/../lib/gcc/arm-none-eabi/5.2.1/../../../../arm-none-eabi/lib/armv7e-m\libg.a(lib_a-closer.o)
 .ARM.attributes
                0x000007eb       0x2e g:/program files (x86)/gnu tools arm embedded/5.2 2015q4/bin/../lib/gcc/arm-none-eabi/5.2.1/../../../../arm-none-eabi/lib/armv7e-m\libg.a(lib_a-fclose.o)
 .ARM.attributes
                0x00000819       0x2e g:/program files (x86)/gnu tools arm embedded/5.2 2015q4/bin/../lib/gcc/arm-none-eabi/5.2.1/../../../../arm-none-eabi/lib/armv7e-m\libg.a(lib_a-fputwc.o)
 .ARM.attributes
                0x00000847       0x2e g:/program files (x86)/gnu tools arm embedded/5.2 2015q4/bin/../lib/gcc/arm-none-eabi/5.2.1/../../../../arm-none-eabi/lib/armv7e-m\libg.a(lib_a-fstatr.o)
 .ARM.attributes
                0x00000875       0x2e g:/program files (x86)/gnu tools arm embedded/5.2 2015q4/bin/../lib/gcc/arm-none-eabi/5.2.1/../../../../arm-none-eabi/lib/armv7e-m\libg.a(lib_a-fvwrite.o)
 .ARM.attributes
                0x000008a3       0x2e g:/program files (x86)/gnu tools arm embedded/5.2 2015q4/bin/../lib/gcc/arm-none-eabi/5.2.1/../../../../arm-none-eabi/lib/armv7e-m\libg.a(lib_a-isattyr.o)
 .ARM.attributes
                0x000008d1       0x2e g:/program files (x86)/gnu tools arm embedded/5.2 2015q4/bin/../lib/gcc/arm-none-eabi/5.2.1/../../../../arm-none-eabi/lib/armv7e-m\libg.a(lib_a-lseekr.o)
 .ARM.attributes
                0x000008ff       0x2e g:/program files (x86)/gnu tools arm embedded/5.2 2015q4/bin/../lib/gcc/arm-none-eabi/5.2.1/../../../../arm-none-eabi/lib/armv7e-m\libg.a(lib_a-memmove.o)
 .ARM.attributes
                0x0000092d       0x2e g:/program files (x86)/gnu tools arm embedded/5.2 2015q4/bin/../lib/gcc/arm-none-eabi/5.2.1/../../../../arm-none-eabi/lib/armv7e-m\libg.a(lib_a-readr.o)
 .ARM.attributes
                0x0000095b       0x2e g:/program files (x86)/gnu tools arm embedded/5.2 2015q4/bin/../lib/gcc/arm-none-eabi/5.2.1/../../../../arm-none-eabi/lib/armv7e-m\libg.a(lib_a-reallocr.o)
 .ARM.attributes
                0x00000989       0x2e g:/program files (x86)/gnu tools arm embedded/5.2 2015q4/bin/../lib/gcc/arm-none-eabi/5.2.1/../../../../arm-none-eabi/lib/armv7e-m\libg.a(lib_a-wbuf.o)
 .ARM.attributes
                0x000009b7       0x2e g:/program files (x86)/gnu tools arm embedded/5.2 2015q4/bin/../lib/gcc/arm-none-eabi/5.2.1/../../../../arm-none-eabi/lib/armv7e-m\libg.a(lib_a-wcrtomb.o)
 .ARM.attributes
                0x000009e5       0x2e g:/program files (x86)/gnu tools arm embedded/5.2 2015q4/bin/../lib/gcc/arm-none-eabi/5.2.1/../../../../arm-none-eabi/lib/armv7e-m\libg.a(lib_a-wctomb_r.o)
 .ARM.attributes
                0x00000a13       0x1e g:/program files (x86)/gnu tools arm embedded/5.2 2015q4/bin/../lib/gcc/arm-none-eabi/5.2.1/armv7e-m\libgcc.a(_arm_fixdfsi.o)
 .ARM.attributes
                0x00000a31       0x1e g:/program files (x86)/gnu tools arm embedded/5.2 2015q4/bin/../lib/gcc/arm-none-eabi/5.2.1/armv7e-m\libgcc.a(_aeabi_uldivmod.o)
 .ARM.attributes
                0x00000a4f       0x2e g:/program files (x86)/gnu tools arm embedded/5.2 2015q4/bin/../lib/gcc/arm-none-eabi/5.2.1/armv7e-m\libgcc.a(_udivmoddi4.o)
 .ARM.attributes
                0x00000a7d       0x1e g:/program files (x86)/gnu tools arm embedded/5.2 2015q4/bin/../lib/gcc/arm-none-eabi/5.2.1/armv7e-m\libgcc.a(_dvmd_tls.o)

.debug_frame    0x00000000     0x42d4
 .debug_frame   0x00000000      0x4a4 ..\obj\diskio.o
 .debug_frame   0x000004a4       0x4c ..\obj\startup_stm32f4xx.o
 .debug_frame   0x000004f0       0x9c ..\obj\main.o
 .debug_frame   0x0000058c      0x638 ..\obj\stm32f4xx_rcc.o
 .debug_frame   0x00000bc4      0x3a0 ..\obj\tm_stm32f4_dma.o
 .debug_frame   0x00000f64      0x2a4 ..\obj\fatfs_sd.o
 .debug_frame   0x00001208      0x1c4 ..\obj\tm_stm32f4_delay.o
 .debug_frame   0x000013cc      0x270 ..\obj\tm_stm32f4_spi.o
 .debug_frame   0x0000163c       0x7c ..\obj\system_stm32f4xx.o
 .debug_frame   0x000016b8      0x920 ..\obj\ff.o
 .debug_frame   0x00001fd8      0x3a0 ..\obj\stm32f4xx_spi.o
 .debug_frame   0x00002378       0xc4 ..\obj\misc.o
 .debug_frame   0x0000243c      0x274 ..\obj\tm_stm32f4_gpio.o
 .debug_frame   0x000026b0       0xa4 ..\obj\tm_stm32f4_timer_properties.o
 .debug_frame   0x00002754      0xd30 ..\obj\stm32f4xx_tim.o
 .debug_frame   0x00003484       0x58 g:/program files (x86)/gnu tools arm embedded/5.2 2015q4/bin/../lib/gcc/arm-none-eabi/5.2.1/../../../../arm-none-eabi/lib/armv7e-m\libg.a(lib_a-mallocr.o)
 .debug_frame   0x000034dc       0x30 g:/program files (x86)/gnu tools arm embedded/5.2 2015q4/bin/../lib/gcc/arm-none-eabi/5.2.1/../../../../arm-none-eabi/lib/armv7e-m\libg.a(lib_a-mlock.o)
 .debug_frame   0x0000350c       0x74 g:/program files (x86)/gnu tools arm embedded/5.2 2015q4/bin/../lib/gcc/arm-none-eabi/5.2.1/../../../../arm-none-eabi/lib/armv7e-m\libg.a(lib_a-printf.o)
 .debug_frame   0x00003580       0x2c g:/program files (x86)/gnu tools arm embedded/5.2 2015q4/bin/../lib/gcc/arm-none-eabi/5.2.1/../../../../arm-none-eabi/lib/armv7e-m\libg.a(lib_a-sbrkr.o)
 .debug_frame   0x000035ac       0x88 g:/program files (x86)/gnu tools arm embedded/5.2 2015q4/bin/../lib/gcc/arm-none-eabi/5.2.1/../../../../arm-none-eabi/lib/armv7e-m\libg.a(lib_a-vfprintf.o)
 .debug_frame   0x00003634       0x2c g:/program files (x86)/gnu tools arm embedded/5.2 2015q4/bin/../lib/gcc/arm-none-eabi/5.2.1/../../../../arm-none-eabi/lib/armv7e-m\libg.a(lib_a-wsetup.o)
 .debug_frame   0x00003660       0x88 g:/program files (x86)/gnu tools arm embedded/5.2 2015q4/bin/../lib/gcc/arm-none-eabi/5.2.1/../../../../arm-none-eabi/lib/armv7e-m\libg.a(lib_a-dtoa.o)
 .debug_frame   0x000036e8       0x6c g:/program files (x86)/gnu tools arm embedded/5.2 2015q4/bin/../lib/gcc/arm-none-eabi/5.2.1/../../../../arm-none-eabi/lib/armv7e-m\libg.a(lib_a-fflush.o)
 .debug_frame   0x00003754      0x124 g:/program files (x86)/gnu tools arm embedded/5.2 2015q4/bin/../lib/gcc/arm-none-eabi/5.2.1/../../../../arm-none-eabi/lib/armv7e-m\libg.a(lib_a-findfp.o)
 .debug_frame   0x00003878       0x74 g:/program files (x86)/gnu tools arm embedded/5.2 2015q4/bin/../lib/gcc/arm-none-eabi/5.2.1/../../../../arm-none-eabi/lib/armv7e-m\libg.a(lib_a-freer.o)
 .debug_frame   0x000038ec       0x54 g:/program files (x86)/gnu tools arm embedded/5.2 2015q4/bin/../lib/gcc/arm-none-eabi/5.2.1/../../../../arm-none-eabi/lib/armv7e-m\libg.a(lib_a-fwalk.o)
 .debug_frame   0x00003940       0x9c g:/program files (x86)/gnu tools arm embedded/5.2 2015q4/bin/../lib/gcc/arm-none-eabi/5.2.1/../../../../arm-none-eabi/lib/armv7e-m\libg.a(lib_a-locale.o)
 .debug_frame   0x000039dc       0x48 g:/program files (x86)/gnu tools arm embedded/5.2 2015q4/bin/../lib/gcc/arm-none-eabi/5.2.1/../../../../arm-none-eabi/lib/armv7e-m\libg.a(lib_a-makebuf.o)
 .debug_frame   0x00003a24       0x34 g:/program files (x86)/gnu tools arm embedded/5.2 2015q4/bin/../lib/gcc/arm-none-eabi/5.2.1/../../../../arm-none-eabi/lib/armv7e-m\libg.a(lib_a-memset.o)
 .debug_frame   0x00003a58      0x264 g:/program files (x86)/gnu tools arm embedded/5.2 2015q4/bin/../lib/gcc/arm-none-eabi/5.2.1/../../../../arm-none-eabi/lib/armv7e-m\libg.a(lib_a-mprec.o)
 .debug_frame   0x00003cbc       0x58 g:/program files (x86)/gnu tools arm embedded/5.2 2015q4/bin/../lib/gcc/arm-none-eabi/5.2.1/../../../../arm-none-eabi/lib/armv7e-m\libg.a(lib_a-reent.o)
 .debug_frame   0x00003d14       0x34 g:/program files (x86)/gnu tools arm embedded/5.2 2015q4/bin/../lib/gcc/arm-none-eabi/5.2.1/../../../../arm-none-eabi/lib/armv7e-m\libg.a(lib_a-s_fpclassify.o)
 .debug_frame   0x00003d48       0x88 g:/program files (x86)/gnu tools arm embedded/5.2 2015q4/bin/../lib/gcc/arm-none-eabi/5.2.1/../../../../arm-none-eabi/lib/armv7e-m\libg.a(lib_a-stdio.o)
 .debug_frame   0x00003dd0       0xc8 g:/program files (x86)/gnu tools arm embedded/5.2 2015q4/bin/../lib/gcc/arm-none-eabi/5.2.1/../../../../arm-none-eabi/lib/armv7e-m\libg.a(lib_a-vfiprintf.o)
 .debug_frame   0x00003e98       0x2c g:/program files (x86)/gnu tools arm embedded/5.2 2015q4/bin/../lib/gcc/arm-none-eabi/5.2.1/../../../../arm-none-eabi/lib/armv7e-m\libg.a(lib_a-writer.o)
 .debug_frame   0x00003ec4       0x28 g:/program files (x86)/gnu tools arm embedded/5.2 2015q4/bin/../lib/gcc/arm-none-eabi/5.2.1/../../../../arm-none-eabi/lib/armv7e-m\libg.a(lib_a-callocr.o)
 .debug_frame   0x00003eec       0x2c g:/program files (x86)/gnu tools arm embedded/5.2 2015q4/bin/../lib/gcc/arm-none-eabi/5.2.1/../../../../arm-none-eabi/lib/armv7e-m\libg.a(lib_a-closer.o)
 .debug_frame   0x00003f18       0x44 g:/program files (x86)/gnu tools arm embedded/5.2 2015q4/bin/../lib/gcc/arm-none-eabi/5.2.1/../../../../arm-none-eabi/lib/armv7e-m\libg.a(lib_a-fclose.o)
 .debug_frame   0x00003f5c       0x88 g:/program files (x86)/gnu tools arm embedded/5.2 2015q4/bin/../lib/gcc/arm-none-eabi/5.2.1/../../../../arm-none-eabi/lib/armv7e-m\libg.a(lib_a-fputwc.o)
 .debug_frame   0x00003fe4       0x2c g:/program files (x86)/gnu tools arm embedded/5.2 2015q4/bin/../lib/gcc/arm-none-eabi/5.2.1/../../../../arm-none-eabi/lib/armv7e-m\libg.a(lib_a-fstatr.o)
 .debug_frame   0x00004010       0x68 g:/program files (x86)/gnu tools arm embedded/5.2 2015q4/bin/../lib/gcc/arm-none-eabi/5.2.1/../../../../arm-none-eabi/lib/armv7e-m\libg.a(lib_a-fvwrite.o)
 .debug_frame   0x00004078       0x2c g:/program files (x86)/gnu tools arm embedded/5.2 2015q4/bin/../lib/gcc/arm-none-eabi/5.2.1/../../../../arm-none-eabi/lib/armv7e-m\libg.a(lib_a-isattyr.o)
 .debug_frame   0x000040a4       0x2c g:/program files (x86)/gnu tools arm embedded/5.2 2015q4/bin/../lib/gcc/arm-none-eabi/5.2.1/../../../../arm-none-eabi/lib/armv7e-m\libg.a(lib_a-lseekr.o)
 .debug_frame   0x000040d0       0x30 g:/program files (x86)/gnu tools arm embedded/5.2 2015q4/bin/../lib/gcc/arm-none-eabi/5.2.1/../../../../arm-none-eabi/lib/armv7e-m\libg.a(lib_a-memmove.o)
 .debug_frame   0x00004100       0x2c g:/program files (x86)/gnu tools arm embedded/5.2 2015q4/bin/../lib/gcc/arm-none-eabi/5.2.1/../../../../arm-none-eabi/lib/armv7e-m\libg.a(lib_a-readr.o)
 .debug_frame   0x0000412c       0x60 g:/program files (x86)/gnu tools arm embedded/5.2 2015q4/bin/../lib/gcc/arm-none-eabi/5.2.1/../../../../arm-none-eabi/lib/armv7e-m\libg.a(lib_a-reallocr.o)
 .debug_frame   0x0000418c       0x40 g:/program files (x86)/gnu tools arm embedded/5.2 2015q4/bin/../lib/gcc/arm-none-eabi/5.2.1/../../../../arm-none-eabi/lib/armv7e-m\libg.a(lib_a-wbuf.o)
 .debug_frame   0x000041cc       0x60 g:/program files (x86)/gnu tools arm embedded/5.2 2015q4/bin/../lib/gcc/arm-none-eabi/5.2.1/../../../../arm-none-eabi/lib/armv7e-m\libg.a(lib_a-wcrtomb.o)
 .debug_frame   0x0000422c       0x48 g:/program files (x86)/gnu tools arm embedded/5.2 2015q4/bin/../lib/gcc/arm-none-eabi/5.2.1/../../../../arm-none-eabi/lib/armv7e-m\libg.a(lib_a-wctomb_r.o)
 .debug_frame   0x00004274       0x2c g:/program files (x86)/gnu tools arm embedded/5.2 2015q4/bin/../lib/gcc/arm-none-eabi/5.2.1/armv7e-m\libgcc.a(_aeabi_uldivmod.o)
 .debug_frame   0x000042a0       0x34 g:/program files (x86)/gnu tools arm embedded/5.2 2015q4/bin/../lib/gcc/arm-none-eabi/5.2.1/armv7e-m\libgcc.a(_udivmoddi4.o)
